Script started on Thu 09 Aug 2018 04:49:35 PM UTC
[root@localhost ~]# mkdir /mnt/home
mkdir: cannot create directory â€˜/mnt/homeâ€™: File exists
[root@localhost ~]# mkdir /mnt/home[K[K[K[K[K[K[K[K[K[K[K[K[K[K[Kmount /dev/VolGroup00/home 1 [C / m n t/ h o me/ 
mount: special device /dev/VolGroup00/home1 does not exist
[root@localhost ~]# lsblk
NAME                    MAJ:MIN RM  SIZE RO TYPE MOUNTPOINT
sda                       8:0    0   40G  0 disk 
â”œâ”€sda1                    8:1    0    1M  0 part 
â”œâ”€sda2                    8:2    0    1G  0 part /boot
â””â”€sda3                    8:3    0   39G  0 part 
  â”œâ”€VolGroup00-LogVol00 253:0    0    8G  0 lvm  /
  â”œâ”€VolGroup00-LogVol01 253:1    0  1.5G  0 lvm  [SWAP]
  â”œâ”€VolGroup00-var      253:3    0    1G  0 lvm  /var
  â””â”€VolGroup00-home     253:4    0    1G  0 lvm  /home
sdb                       8:16   0   30G  0 disk 
â”œâ”€sdb1                    8:17   0   10G  0 part 
â”‚ â””â”€VolGroup00-dump     253:2    0  9.8G  0 lvm  /mnt/dump
â”œâ”€sdb2                    8:18   0  100M  0 part 
â”œâ”€sdb3                    8:19   0  100M  0 part 
â””â”€sdb4                    8:20   0    1K  0 part 
sr0                      11:0    1    1G  0 rom  
[root@localhost ~]# lsblkmount /dev/VolGroup00/home1 /mnt/home/ [C[C[C[C[C[C[C[C[C[C[C[C[C[C[C[C[C[C[C[C[C[24Pkdir /mnt/homescript -a /mnt/home/lvm6[C[C[C[C[C[C[C[C[C[C[C[C[C[C[C[C[C[C[C[C[11Pls /mnt/dump/[24@mount /dev/VolGroup00/dump[C[C[C[C[C[C[C[C[C[C[C[C[C[C[C[C[C[C[C[C[C[C[C[C[C[C[C[C[C[C[C[C[Cdprobe zfx[K[4Pzfx list[2Prebootzfs mountget mountpoint=/opt /opt[1Popt[4P poin[C[C[C[C[C[4@point=/op[C[C[C[C[C/optmount[K[3Prebootzfx listmodprobe zfxunt /dev/VolGroup00/dump /mnt/dump/[C[C[C[C[C[C[C[C[C[C[C[C[C[C[C[C[C[C[C[C[24Pls[C[C[C[C[C[C[C[C[C[C[Cscript -a /mnt/home/lvm6[C[C[C[C[C[C[C[C[C[C[C[C[C[C[C[C[C[C[C[C[9Pmkdir /mnt/homeount /dev/VolGroup00/home1 /mnt/home/ [C[C[C[C[C[C[C[C[C[C[C[C[C[C[C[C[C[C[C[Clsblk[K[Klvcreate -l[KL1G home.back [C[1@ [1@-[1@s[C[1@ [1@-[1@n[C[C[C[C[C[C[C[C[C[C[C/dev/VolumGrop[Kup00/home
  Volume group "VolumGroup00" not found
  Cannot process volume group VolumGroup00
[root@localhost ~]# lsblk
NAME                    MAJ:MIN RM  SIZE RO TYPE MOUNTPOINT
sda                       8:0    0   40G  0 disk 
â”œâ”€sda1                    8:1    0    1M  0 part 
â”œâ”€sda2                    8:2    0    1G  0 part /boot
â””â”€sda3                    8:3    0   39G  0 part 
  â”œâ”€VolGroup00-LogVol00 253:0    0    8G  0 lvm  /
  â”œâ”€VolGroup00-LogVol01 253:1    0  1.5G  0 lvm  [SWAP]
  â”œâ”€VolGroup00-var      253:3    0    1G  0 lvm  /var
  â””â”€VolGroup00-home     253:4    0    1G  0 lvm  /home
sdb                       8:16   0   30G  0 disk 
â”œâ”€sdb1                    8:17   0   10G  0 part 
â”‚ â””â”€VolGroup00-dump     253:2    0  9.8G  0 lvm  /mnt/dump
â”œâ”€sdb2                    8:18   0  100M  0 part 
â”œâ”€sdb3                    8:19   0  100M  0 part 
â””â”€sdb4                    8:20   0    1K  0 part 
sr0                      11:0    1    1G  0 rom  
[root@localhost ~]# lsblkvcreate -L1G -s -n home.back /dev/VolumGroup00/home[C[C[C[C[C[C[1PGroup00/home[1PGroup00/home
  Logical volume "home.back" created.
[root@localhost ~]# lvcreate -L1G -s -n home.back /dev/VolGroup00/home[C[C[C[C[C[C[C[C[C[C[C[C[C[C[C[C[C[C[C[C[Csblk[K
NAME                         MAJ:MIN RM  SIZE RO TYPE MOUNTPOINT
sda                            8:0    0   40G  0 disk 
â”œâ”€sda1                         8:1    0    1M  0 part 
â”œâ”€sda2                         8:2    0    1G  0 part /boot
â””â”€sda3                         8:3    0   39G  0 part 
  â”œâ”€VolGroup00-LogVol00      253:0    0    8G  0 lvm  /
  â”œâ”€VolGroup00-LogVol01      253:1    0  1.5G  0 lvm  [SWAP]
  â”œâ”€VolGroup00-var           253:3    0    1G  0 lvm  /var
  â”œâ”€VolGroup00-home-real     253:5    0    1G  0 lvm  
  â”‚ â”œâ”€VolGroup00-home        253:4    0    1G  0 lvm  /home
  â”‚ â””â”€VolGroup00-home.back   253:7    0    1G  0 lvm  
  â””â”€VolGroup00-home.back-cow 253:6    0    1G  0 lvm  
    â””â”€VolGroup00-home.back   253:7    0    1G  0 lvm  
sdb                            8:16   0   30G  0 disk 
â”œâ”€sdb1                         8:17   0   10G  0 part 
â”‚ â””â”€VolGroup00-dump          253:2    0  9.8G  0 lvm  /mnt/dump
â”œâ”€sdb2                         8:18   0  100M  0 part 
â”œâ”€sdb3                         8:19   0  100M  0 part 
â””â”€sdb4                         8:20   0    1K  0 part 
sr0                           11:0    1    1G  0 rom  
[root@localhost ~]# mount /dv[K[Kdev/VolGroup00/home
home       home.back  
[root@localhost ~]# mount /dev/VolGroup00/home.back /mnt/home/
[root@localhost ~]# cd /mnt/
[root@localhost mnt]# mc
[1;25r[4l[25;1H[0;10m[37m[40m[0;10m[39;49m[K[1;25r[4l[0;10m[39m[49m[1;25r[H[J[24;1H[root@localhost ~]#[24;80H[2;1H[37m[44mâ”Œ<â”€[30m[47m /mnt [37m[44mâ”€â”€â”€â”€â”€â”€â”€â”€â”€â”€â”€â”€â”€â”€â”€â”€â”€â”€â”€â”€â”€â”€â”€â”€â”€.[^]>â”
â”‚[38Câ”‚
â”‚[30m[46m/..              â”‚UP--DIRâ”‚Aug  9 15:46[37m[44mâ”‚
â”‚[1m[37m[44m/dump            [0;10m[37m[44mâ”‚[1m[37m[44m    119[0;10m[37m[44mâ”‚[1m[37m[44mAug  9 16:49[0;10m[37m[44mâ”‚
â”‚[1m[37m[44m/exch            [0;10m[37m[44mâ”‚[1m[37m[44m      6[0;10m[37m[44mâ”‚[1m[37m[44mAug  9 15:31[0;10m[37m[44mâ”‚
â”‚[1m[37m[44m/home            [0;10m[37m[44mâ”‚[1m[37m[44m   4096[0;10m[37m[44mâ”‚[1m[37m[44mAug  9 16:30[0;10m[37m[44mâ”‚
â”‚[1m[37m[44m/var             [0;10m[37m[44mâ”‚[1m[37m[44m      6[0;10m[37m[44mâ”‚[1m[37m[44mAug  9 15:31[0;10m[37m[44mâ”‚
â”‚                 â”‚       â”‚            â”‚
â”‚                 â”‚       â”‚            â”‚
â”‚                 â”‚       â”‚            â”‚
â”‚                 â”‚       â”‚            â”‚
â”‚                 â”‚       â”‚            â”‚
â”‚                 â”‚       â”‚            â”‚
â”‚                 â”‚       â”‚            â”‚
â”‚                 â”‚       â”‚            â”‚
â”‚                 â”‚       â”‚            â”‚
â”‚                 â”‚       â”‚            â”‚
â”‚                 â”‚       â”‚            â”‚
â”œ[38Câ”¤
â”‚[38Câ”‚
â””â”€â”€â”€â”€â”€â”€â”€â”€â”€â”€â”€â”€â”€â”€â”€â”€â”€â”€ 7272M/8182M (88%) â”€â”˜
[39m[49mHint: The homepage of GNU Midnight Commander: http://www.midnight-commander.org/[25;1H[1m[37m[40m 1[0;10m[30m[46mHelp  [1m[37m[40m 2[0;10m[30m[46mMenu  [1m[37m[40m 3[0;10m[30m[46mView  [1m[37m[40m 4[0;10m[30m[46mEdit  [1m[37m[40m 5[0;10m[30m[46mCopy  [1m[37m[40m 6[0;10m[30m[46mRenMov[1m[37m[40m 7[0;10m[30m[46mMkdir [1m[37m[40m 8[0;10m[30m[46mDelete[1m[37m[40m 9[0;10m[30m[46mPullDn[1m[37m[40m10[0;10m[30m[46mQuit[K[23;80H[1;1H  Left     File     Command     Options     Right[K[2;41H[37m[44mâ”Œ<â”€ /mnt â”€â”€â”€â”€â”€â”€â”€â”€â”€â”€â”€â”€â”€â”€â”€â”€â”€â”€â”€â”€â”€â”€â”€â”€â”€.[^]>â”[3;2H[1m[33m[44m'n     Name      [0;10m[37m[44mâ”‚[1m[33m[44m Size  [0;10m[37m[44mâ”‚[1m[33m[44mModify time [0;10m[37m[44mâ”‚â”‚[1m[33m[44m'n     Name      [0;10m[37m[44mâ”‚[1m[33m[44m Size  [0;10m[37m[44mâ”‚[1m[33m[44mModify time [0;10m[37m[44mâ”‚[4;41Hâ”‚[1m[37m[44m/..              [0;10m[37m[44mâ”‚[1m[37m[44mUP--DIR[0;10m[37m[44mâ”‚[1m[37m[44mAug  9 15:46[0;10m[37m[44mâ”‚[5;41Hâ”‚[1m[37m[44m/dump            [0;10m[37m[44mâ”‚[1m[37m[44m    119[0;10m[37m[44mâ”‚[1m[37m[44mAug  9 16:49[0;10m[37m[44mâ”‚[6;41Hâ”‚[1m[37m[44m/exch            [0;10m[37m[44mâ”‚[1m[37m[44m      6[0;10m[37m[44mâ”‚[1m[37m[44mAug  9 15:31[0;10m[37m[44mâ”‚[7;41Hâ”‚[1m[37m[44m/home            [0;10m[37m[44mâ”‚[1m[37m[44m   4096[0;10m[37m[44mâ”‚[1m[37m[44mAug  9 16:30[0;10m[37m[44mâ”‚[8;41Hâ”‚[1m[37m[44m/var             [0;10m[37m[44mâ”‚[1m[37m[44m      6[0;10m[37m[44mâ”‚[1m[37m[44mAug  9 15:31[0;10m[37m[44mâ”‚[9;41Hâ”‚                 â”‚       â”‚            â”‚[10;41Hâ”‚                 â”‚       â”‚            â”‚[11;41Hâ”‚                 â”‚       â”‚            â”‚[12;41Hâ”‚                 â”‚       â”‚            â”‚[13;41Hâ”‚                 â”‚       â”‚            â”‚[14;41Hâ”‚                 â”‚       â”‚            â”‚[15;41Hâ”‚                 â”‚       â”‚            â”‚[16;41Hâ”‚                 â”‚       â”‚            â”‚[17;41Hâ”‚                 â”‚       â”‚            â”‚[18;41Hâ”‚                 â”‚       â”‚            â”‚[19;41Hâ”‚                 â”‚       â”‚            â”‚[20;2Hâ”€â”€â”€â”€â”€â”€â”€â”€â”€â”€â”€â”€â”€â”€â”€â”€â”€â”€â”€â”€â”€â”€â”€â”€â”€â”€â”€â”€â”€â”€â”€â”€â”€â”€â”€â”€â”€â”€â”¤â”œâ”€â”€â”€â”€â”€â”€â”€â”€â”€â”€â”€â”€â”€â”€â”€â”€â”€â”€â”€â”€â”€â”€â”€â”€â”€â”€â”€â”€â”€â”€â”€â”€â”€â”€â”€â”€â”€â”€â”¤[21;2HUP--DIR                               â”‚â”‚UP--DIR                               â”‚[22;41Hâ””â”€â”€â”€â”€â”€â”€â”€â”€â”€â”€â”€â”€â”€â”€â”€â”€â”€â”€ 7272M/8182M (88%) â”€â”˜[24;78H[^][24;21H[24;17H[39m[49mmnt]#[56C[24;23H[4;2H[1m[37m[44m/..              [0;10m[37m[44mâ”‚[1m[37m[44mUP--DIR[0;10m[37m[44mâ”‚[1m[37m[44mAug  9 15:46[5;2H[0;10m[30m[46m/dump            â”‚    119â”‚Aug  9 16:49[21;2H[37m[44m/dump  [24;23H[5;2H[1m[37m[44m/dump            [0;10m[37m[44mâ”‚[1m[37m[44m    119[0;10m[37m[44mâ”‚[1m[37m[44mAug  9 16:49[6;2H[0;10m[30m[46m/exch            â”‚      6â”‚Aug  9 15:31[21;3H[37m[44mexch[24;23H[6;2H[1m[37m[44m/exch            [0;10m[37m[44mâ”‚[1m[37m[44m      6[0;10m[37m[44mâ”‚[1m[37m[44mAug  9 15:31[7;2H[0;10m[30m[46m/home            â”‚   4096â”‚Aug  9 16:30[21;3H[37m[44mhome[24;23H[2;9H[30m[47m/home [4;2H[46m/..              â”‚UP--DIRâ”‚Aug  9 15:31[5;3H[1m[37m[44m1   [16C4096[11C30[6;3H2   [16C409[10C6:30[7;2H/3               [0;10m[37m[44mâ”‚[1m[37m[44m   4096[0;10m[37m[44mâ”‚[1m[37m[44mAug  9 16:30[8;3H4  [17C409[10C6:30[9;2H/5               [0;10m[37m[44mâ”‚[1m[37m[44m   4096[0;10m[37m[44mâ”‚[1m[37m[44mAug  9 16:30[10;2H/6               [0;10m[37m[44mâ”‚[1m[37m[44m   4096[0;10m[37m[44mâ”‚[1m[37m[44mAug  9 16:30[11;2H/lost+found      [0;10m[37m[44mâ”‚[1m[37m[44m  16384[0;10m[37m[44mâ”‚[1m[37m[44mAug  9 15:32[12;2H/vagrant         [0;10m[37m[44mâ”‚[1m[37m[44m   4096[0;10m[37m[44mâ”‚[1m[37m[44mAug  9 13:07[21;2H[0;10m[37m[44mUP--DIR[22;20Hâ”€â”€ 973M/976M (99[24;23H[24;17H[39m[49mhome]#[55C[24;24H[4;2H[1m[37m[44m/..              [0;10m[37m[44mâ”‚[1m[37m[44mUP--DIR[0;10m[37m[44mâ”‚[1m[37m[44mAug  9 15:31[5;2H[0;10m[30m[46m/1               â”‚   4096â”‚Aug  9 16:30[21;2H[37m[44m/1     [24;24H[5;2H[1m[37m[44m/1               [0;10m[37m[44mâ”‚[1m[37m[44m   4096[0;10m[37m[44mâ”‚[1m[37m[44mAug  9 16:30[6;2H[0;10m[30m[46m/2               â”‚   4096â”‚Aug  9 16:30[21;3H[37m[44m2[24;24H[6;2H[1m[37m[44m/2               [0;10m[37m[44mâ”‚[1m[37m[44m   4096[0;10m[37m[44mâ”‚[1m[37m[44mAug  9 16:30[7;2H[0;10m[30m[46m/3               â”‚   4096â”‚Aug  9 16:30[21;3H[37m[44m3[24;24H[2;4H /mnt/home [29C[30m[47m /mnt [4;42H[46m/..              â”‚UP--DIRâ”‚Aug  9 15:46[7;2H[1m[37m[44m/3               [0;10m[37m[44mâ”‚[1m[37m[44m   4096[0;10m[37m[44mâ”‚[1m[37m[44mAug  9 16:30[24;24H[24;17H[0;10m[39m[49mmnt]# [55C[24;23H[2;46H[30m[47m [37m[44mâ”€â”€â”€[4;42H[1m[37m[44m~bin             [0;10m[37m[44mâ”‚[1m[37m[44m      7[0;10m[37m[44mâ”‚[1m[37m[44mAug  9 15:09[5;43Hboot[16C4096[6C8 18:47[6;43Hdev [16C3080[9C6:53[7;43Hetc [16C8192[9C5:48[8;43Hhome[16C409[10C6:30[9;42H~lib             [0;10m[37m[44mâ”‚[1m[37m[44m      7[0;10m[37m[44mâ”‚[1m[37m[44mAug  9 15:09[10;42H~lib64           [0;10m[37m[44mâ”‚[1m[37m[44m      9[0;10m[37m[44mâ”‚[1m[37m[44mAug  9 15:09[11;42H/media           [0;10m[37m[44mâ”‚[1m[37m[44m      6[0;10m[37m[44mâ”‚[1m[37m[44mApr 11 04:59[12;42H[0;10m[30m[46m/mnt             â”‚     49â”‚Aug  9 15:31[13;42H[1m[37m[44m/opt             [0;10m[37m[44mâ”‚[1m[37m[44m      2[0;10m[37m[44mâ”‚[1m[37m[44mAug  9 16:09[14;42H/proc            [0;10m[37m[44mâ”‚[1m[37m[44m      0[0;10m[37m[44mâ”‚[1m[37m[44mAug  9 16:50[15;42H/root            [0;10m[37m[44mâ”‚[1m[37m[44m   4096[0;10m[37m[44mâ”‚[1m[37m[44mAug  9 15:29[16;42H/run             [0;10m[37m[44mâ”‚[1m[37m[44m    660[0;10m[37m[44mâ”‚[1m[37m[44mAug  9 16:53[17;42H~sbin            [0;10m[37m[44mâ”‚[1m[37m[44m      8[0;10m[37m[44mâ”‚[1m[37m[44mAug  9 15:09[18;42H/srv             [0;10m[37m[44mâ”‚[1m[37m[44m      6[0;10m[37m[44mâ”‚[1m[37m[44mApr 11 04:59[19;42H/sys             [0;10m[37m[44mâ”‚[1m[37m[44m      0[0;10m[37m[44mâ”‚[1m[37m[44mAug  9 16:44[21;42H[0;10m[37m[44m/mnt   [24;23H[24;17H[39m[49m/]#  [56C[24;21H[7;13H[30m[47m                                                        [8;13H â”Œâ”€â”€â”€â”€â”€â”€â”€â”€â”€â”€â”€â”€â”€â”€[34m The Midnight Commander [30mâ”€â”€â”€â”€â”€â”€â”€â”€â”€â”€â”€â”€â”€â”€â” [9;13H â”‚ Do you really want to quit the Midnight Commander? â”‚ [10;13H â”œâ”€â”€â”€â”€â”€â”€â”€â”€â”€â”€â”€â”€â”€â”€â”€â”€â”€â”€â”€â”€â”€â”€â”€â”€â”€â”€â”€â”€â”€â”€â”€â”€â”€â”€â”€â”€â”€â”€â”€â”€â”€â”€â”€â”€â”€â”€â”€â”€â”€â”€â”€â”€â”¤ [11;13H â”‚                  [46m[ [34mY[30mes ][47m  [ [34mN[30mo ]                   â”‚ [12;13H â””â”€â”€â”€â”€â”€â”€â”€â”€â”€â”€â”€â”€â”€â”€â”€â”€â”€â”€â”€â”€â”€â”€â”€â”€â”€â”€â”€â”€â”€â”€â”€â”€â”€â”€â”€â”€â”€â”€â”€â”€â”€â”€â”€â”€â”€â”€â”€â”€â”€â”€â”€â”€â”˜ [13;13H                                                        [11;35H[23;8H[39m[49mo mark directories on the select dialog box, append a slash.[K[23;80H[1;1H[K
[K
[K
[K
[K
[K
[K
[K
[K
[K
[K
[K
[K
[K
[K
[K
[K
[K
[K
[K
[K
[K
[K
[K
[K[1;80H[25;1H[0;10m[39;49m[K[39;49m
[root@localhost /]# rsync -av /mnt/home/ /home/
sending incremental file list

sent 393 bytes  received 21 bytes  828.00 bytes/sec
total size is 58,183  speedup is 140.54
[root@localhost /]# cd /home/
[root@localhost home]# ls
[0m[01;34m1[0m  [01;34m2[0m  [01;34m3[0m  [01;34m4[0m  [01;34m5[0m  [01;34m6[0m  [01;34mlost+found[0m  [01;34mvagrant[0m
[root@localhost home]# cd /mnt/dump/
[root@localhost dump]# ls
dump.root  lvm1  lvm2  lvm3  lvm4  lvm5  lvm6  lvm7  mtab
[root@localhost dump]# less lvm7
"lvm7" may be a binary file.  See it anyway? 
Script started on Thu 09 Aug 2018 04:49:35 PM UTC
[root@localhost ~]# mkdir /mnt/home
mkdir: cannot create directory â€˜/mnt/homeâ€™: File exists
[root@localhost ~]# mkdir /mnt/hom[7mESC[27m[[7mESC[27m[[7mESC[27m[[7mESC[27m[[7mESC[27m[[7mESC[27m[[7mESC[27m[[7mESC[27m[[7mESC[27m[[7mESC[27m[[7mESC[27m[
[7mESC[27m[[7mESC[27m[[7mESC[27m[[7mESC[27m[K[7m^G^G^G^G^G^G^G^G^G[27mmount [7m^G[27m/dev/VolGroup00/home1[7m^GESC[27m[C/[7m^G[27mmnt/ho me/
mount: special device /dev/VolGroup00/home1 does not exist
[root@localhost ~]# lsblk
NAME                    MAJ:MIN RM  SIZE RO TYPE MOUNTPOINT
sda                       8:0    0   40G  0 disk 
â”œâ”€sda1                    8:1    0    1M  0 part 
â”œâ”€sda2                    8:2    0    1G  0 part /boot
â””â”€sda3                    8:3    0   39G  0 part 
  â”œâ”€VolGroup00-LogVol00 253:0    0    8G  0 lvm  /
  â”œâ”€VolGroup00-LogVol01 253:1    0  1.5G  0 lvm  [SWAP]
  â”œâ”€VolGroup00-var      253:3    0    1G  0 lvm  /var
  â””â”€VolGroup00-home     253:4    0    1G  0 lvm  /home
sdb                       8:16   0   30G  0 disk 
â”œâ”€sdb1                    8:17   0   10G  0 part 
â”‚ â””â”€VolGroup00-dump     253:2    0  9.8G  0 lvm  /mnt/dump
â”œâ”€sdb2                    8:18   0  100M  0 part 
â”œâ”€sdb3                    8:19   0  100M  0 part 
â””â”€sdb4                    8:20   0    1K  0 part 
sr0                      11:0    1    1G  0 rom  
[7mlvm7[27m[K[K [KESCESC[K[[[KBB[K[root@localhost ~]# mount /dev/VolGroup00/home1 /mnt/home/ [7m^MESC[27m[C[7mESC[27m[C[7mESC[27m[C[7mESC[27m[ :[K[K [KESCESC[K[[[KBB[KC[7mESC[27m[C[7mESC[27m[C[7mESC[27m[C[7mESC[27m[C[7mESC[27m[C[7mESC[27m[C[7mESC[27m[C[7mESC[27m[C[7mESC[27m[C[7mESC[27m[C[7mESC[27m[C[7mESC[27m[C[7mESC[27m[C[7mESC[27m[C[7mESC[27m[C[7mESC[27m[ :[K[K [KESCESC[K[[[KBB[KC[7mESC[27m[C[7mESC[27m[24script -a /mnt/home/lvm6[7m^MESC[27m[C[7mESC[27m[C[7mESC[27m[C[7mESC[27m[C[7mESC[27m[C[7mESC[27m[C[7mESC[27m[C[7mESC[27m[C
:[K[K [KESCESC[K[[[KBB[K[7mESC[27m[C[7mESC[27m[C[7mESC[27m[C[7mESC[27m[C[7mESC[27m[C[7mESC[27m[C[7mESC[27m[C[7mESC[27m[C[7mESC[27m[C[7mESC[27m[C[7mESC[27m[C[7mESC[27m[C[7mESC[27m[11P[7mESC[27m[24@mount  :[K[K [KESCESC[K[[[KBB[K/dev/VolGroup00/dump[7mESC[27m[C[7mESC[27m[C[7mESC[27m[C[7mESC[27m[C[7mESC[27m[C[7mESC[27m[C[7mESC[27m[C[7mESC[27m[C[7mESC[27m[C[7mESC[27m[C[7mESC[27m[C[7m^MESC[27m :[K[K [KESCESC[K[[[KBB[K[C[7mESC[27m[C[7mESC[27m[C[7mESC[27m[C[7mESC[27m[C[7mESC[27m[C[7mESC[27m[C[7mESC[27m[C[7mESC[27m[C[7mESC[27m[C[7mESC[27m[C[7mESC[27m[C[7mESC[27m[C[7mESC[27m[C[7mESC[27m[C[7mESC[27m[C[7mESC[27m :[K[K [KESCESC[K[[[KBB[K[C[7mESC[27m[C[7mESC[27m[C[7mESC[27m[C[7mESC[27m[C[7mESC[27m[Cdprobe zfx[7mESC^H^H^H^H^H^H^H^H^H^HESC[27m[4P[7mESC[27m[2Pzfs moun :[K[K [KESCESC[K[[[KBB[K[7m^H^H^H^Hg[27met mountpoint=/opt [7mESC^H^H^H^H^H^H^H^HESC[27m[4P poin[7mESC[27m[C[7mESC[27m[C[7mESC[27m[C[7mESC[27m[C
:[K[K [KESCESC[K[[[KBB[K[7mESC^H^H^H^H^H^H^H^HESC[27m[4@point=/op[7mESC[27m[C[7mESC[27m[C[7mESC[27m[C[7mESC[27m[C[7mESC^H/^H^H^H^H^H^H^H^H^H^H[27m :[K[K [KESCESC[K[[[KBB[K[7m^H^H^H^H^H^H^H^H^H^H^H[27mmount[7mESC^H^H^H^H^H^H^HESC[27m[3Pmount /dev/VolGroup00/dump /mn :[K[K [KESCESC[K[[[KBB[Kt/dump/[7m^MESC[27m[C[7mESC[27m[C[7mESC[27m[C[7mESC[27m[C[7mESC[27m[C[7mESC[27m[C[7mESC[27m[C[7mESC[27m[C[7mESC[27m[C[7mESC[27m[C[7mESC[27m[C[7mESC[27m[C[7mESC[27m[C[7mESC[27m[C
:[K[K [KESCESC[K[[[KBB[K[7mESC[27m[C[7mESC[27m[C[7mESC[27m[C[7mESC[27m[C[7mESC[27m[C[7mESC[27m[C[7mESC[27m[24Pls[7mESC[27m[C[7mESC[27m[C[7mESC[27m[C[7mESC[27m[C[7mESC[27m[C[7mESC[27m[C[7mESC[27m[C[7mESC[27m[C
:[K[K [KESCESC[K[[[KBB[K[7mESC[27m[C[7mESC[27m[C[7mESC^H^H^H^H^H^H^H^H^H^H^H[27mscript -a /mnt/home/lvm6[7m^MESC[27m[C[7mESC[27m[C[7mESC[27m[C[7mESC[27m[ :[K[K [KESCESC[K[[[KBB[KC[7mESC[27m[C[7mESC[27m[C[7mESC[27m[C[7mESC[27m[C[7mESC[27m[C[7mESC[27m[C[7mESC[27m[C[7mESC[27m[C[7mESC[27m[C[7mESC[27m[C[7mESC[27m[C[7mESC[27m[C[7mESC[27m[C[7mESC[27m[C[7mESC[27m[C[7mESC[27m[ :[K[K [KESCESC[K[[[KBB[KC[7mESC[27m[9Pmount /dev/VolGroup00/home1 /mnt/home/ [7m^MESC[27m[C[7mESC[27m[C[7mESC[27m[C[7mESC[27m[C[7mESC[27m[C[7mESC[27m[C
:[K[K [KESCESC[K[[[KBB[K[7mESC[27m[C[7mESC[27m[C[7mESC[27m[C[7mESC[27m[C[7mESC[27m[C[7mESC[27m[C[7mESC[27m[C[7mESC[27m[C[7mESC[27m[C[7mESC[27m[C[7mESC[27m[C[7mESC[27m[C[7mESC[27m[C[7mESC[27m[Clsblk[7mESC^H[27m :[K[K [KESCESC[K[[[KBB[K[7m^H^HESC[27m[K[7m^G^G^G^G^G^G^G^G^G^G^G^G[27mlvcreate -[7mESC[27m[KL1G[7mESC[27m[C[7mESC[27m[1@[7mESC[27m[1@-[7mESC[27m[1@s[7mESC[27m[ :[K[K [KESCESC[K[[[KBB[KC[7mESC[27m[1@[7mESC[27m[1@-[7mESC[27m[1@n[7mESC[27m[C[7mESC[27m[C[7mESC[27m[C[7mESC[27m[C[7mESC[27m[C[7mESC[27m[C[7mESC[27m[C[7mESC[27m[C[7mESC[27m[C[7mESC[27m[C[7mESC[27m[C[7m^G^G[27m :[K[K [KESCESC[K[[[KBB[K[7m^G^G^G^G^G^G[27m/dev[7m^G[27m/VolumGro[7mESC[27m[Kup00/home
:[K[K [KESCESC[K[[[KBB[K  Volume group "VolumGroup00" not found
:[K[K [KESCESC[K[[[KBB[K  Cannot process volume group VolumGroup00
:[K[K [KESCESC[K[[[KBB[K[root@localhost ~]# lsblk
:[K[K [KESCESC[K[[[KBB[KNAME                    MAJ:MIN RM  SIZE RO TYPE MOUNTPOINT
:[K[K [KESCESC[K[[[KBB[Ksda                       8:0    0   40G  0 disk 
:[K[K [KESCESC[K[[[KBB[Kâ”œâ”€sda1                    8:1    0    1M  0 part 
:[K[K [KESCESC[K[[[KBB[Kâ”œâ”€sda2                    8:2    0    1G  0 part /boot
:[K[K [KESCESC[K[[[KBB[Kâ””â”€sda3                    8:3    0   39G  0 part 
:[K[K [KESCESC[K[[[KBB[K  â”œâ”€VolGroup00-LogVol00 253:0    0    8G  0 lvm  /
:[K[K [KESCESC[K[[[KBB[K  â”œâ”€VolGroup00-LogVol01 253:1    0  1.5G  0 lvm  [SWAP]
:[K[K [KESCESC[K[[[KBB[K  â”œâ”€VolGroup00-var      253:3    0    1G  0 lvm  /var
:[K[K [KESCESC[K[[[KBB[K  â””â”€VolGroup00-home     253:4    0    1G  0 lvm  /home
:[K[K [KESCESC[K[[[KBB[Ksdb                       8:16   0   30G  0 disk 
:[K[K [KESCESC[K[[[KBB[Kâ”œâ”€sdb1                    8:17   0   10G  0 part 
:[K[K [KESCESC[K[[[KBB[Kâ”‚ â””â”€VolGroup00-dump     253:2    0  9.8G  0 lvm  /mnt/dump
:[K[K [KESCESC[K[[[KBB[Kâ”œâ”€sdb2                    8:18   0  100M  0 part 
:[K[K [KESCESC[K[[[KBB[Kâ”œâ”€sdb3                    8:19   0  100M  0 part 
:[K[K [KESCESC[K[[[KBB[Kâ””â”€sdb4                    8:20   0    1K  0 part 
:[K[K [KESCESC[K[[[KBB[Ksr0                      11:0    1    1G  0 rom  
:[K[K [KESCESC[K[[[KBB[K[root@localhost ~]# lvcreate -L1G -s -n home.back /dev/[7mESC[27m[C[7mESC[27m[C[7mESC[27m[C[7mESC[27m[C[7mESC[27m[
:[K[K [KESCESC[K[[[KBB[K[7mESC[27m[[7mESC[27m[1[7mESC[27m[1P
:[K[K [KESCESC[K[[[KBB[K  Logical volume "home.back" created.
:[K[K [KESCESC[K[[[KBB[K[root@localhost ~]# lvcreate -L1G -s -n home.back /dev/VolGroup00/home[7m^MESC[27m[C[7mESC[27m :[K[K [KESCESC[K[[[KBB[K[C[7mESC[27m[C[7mESC[27m[C[7mESC[27m[C[7mESC[27m[C[7mESC[27m[C[7mESC[27m[C[7mESC[27m[C[7mESC[27m[C[7mESC[27m[C[7mESC[27m[C[7mESC[27m[C[7mESC[27m[C[7mESC[27m[C[7mESC[27m[C[7mESC[27m[C[7mESC[27m :[K[K [KESCESC[K[[[KBB[K[C[7mESC[27m[C[7mESC[27m[C[7mESC[27m[Csblk[7mESC[27m[K
:[K[K [KESCESC[K[[[KBB[KNAME                         MAJ:MIN RM  SIZE RO TYPE MOUNTPOINT
:[K[K [KESCESC[K[[[KBB[Ksda                            8:0    0   40G  0 disk 
:[K[K [KESCESC[K[[[KBB[Kâ”œâ”€sda1                         8:1    0    1M  0 part 
:[K[K [KESCESC[K[[[KBB[Kâ”œâ”€sda2                         8:2    0    1G  0 part /boot
:[K[K [KESCESC[K[[[KBB[Kâ””â”€sda3                         8:3    0   39G  0 part 
:[K[K [KESCESC[K[[[KBB[K  â”œâ”€VolGroup00-LogVol00      253:0    0    8G  0 lvm  /
:[K[K [KESCESC[K[[[KBB[K  â”œâ”€VolGroup00-LogVol01      253:1    0  1.5G  0 lvm  [SWAP]
:[K[K [KESCESC[K[[[KBB[K  â”œâ”€VolGroup00-var           253:3    0    1G  0 lvm  /var
:[K[K [KESCESC[K[[[KBB[K  â”œâ”€VolGroup00-home-real     253:5    0    1G  0 lvm  
:[K[K [KESCESC[K[[[KBB[K  â”‚ â”œâ”€VolGroup00-home        253:4    0    1G  0 lvm  /home
:[K[K [KESCESC[K[[[KBB[K  â”‚ â””â”€VolGroup00-home.back   253:7    0    1G  0 lvm  
:[K[K [KESCESC[K[[[KBB[K  â””â”€VolGroup00-home.back-cow 253:6    0    1G  0 lvm  
:[K[K [KESCESC[K[[[KBB[K    â””â”€VolGroup00-home.back   253:7    0    1G  0 lvm  
:[K[K [KESCESC[K[[[KBB[Ksdb                            8:16   0   30G  0 disk 
:[K[K [KESCESC[K[[[KBB[Kâ”œâ”€sdb1                         8:17   0   10G  0 part 
:[K[K [KESCESC[K[[[KBB[Kâ”‚ â””â”€VolGroup00-dump          253:2    0  9.8G  0 lvm  /mnt/dump
:[K[K [KESCESC[K[[[KBB[Kâ”œâ”€sdb2                         8:18   0  100M  0 part 
:[K[K [KESCESC[K[[[KBB[Kâ”œâ”€sdb3                         8:19   0  100M  0 part 
:[K[K [KESCESC[K[[[KBB[Kâ””â”€sdb4                         8:20   0    1K  0 part 
:[K[K [KESCESC[K[[[KBB[Ksr0                           11:0    1    1G  0 rom  
:[K[K [KESCESC[K[[[KBB[K[root@localhost ~]# mount /dv[7m^G^HESC[27m[[7mESC[27m[Kdev/VolGroup00/h[7m^G[27mome[7m^G[27m
:[K[K [KESCESC[K[[[KBB[Khome       home.back  
:[K[K [KESCESC[K[[[KBB[K[root@localhost ~]# mount /dev/VolGroup00/home.back /mnt/home/
:[K[K [KESCESC[K[[[KBB[K[root@localhost ~]# cd /mnt/
:[K[K [KESCESC[K[[[KBB[K[root@localhost mnt]# mc
:[K[K [KESCESC[K[[[KBB[K[7mESC[27m[1;25r[7mESC[27m[4l[7mESC[27m[25;1H[7mESC[27m[0;10m[7mESC[27m[37m[7mESC[27m[40m[7mESC[27m[0;10m[7mESC[27m[39;49m[7m^MESC[27m[K[7m^MESC[27m[1 :[K[K [KESCESC[K[[[KBB[K;25r[7mESC[27m[4l[7mESC[27m[0;10m[7mESC[27m[39m[7mESC[27m[49m[7mESC[27m[1;25r[7mESC[27m[H[7mESC[27m[J[7mESC[27m[24;1H[root@localhost ~]# :[K[K [KESCESC[K[[[KBB[K[7mESC[27m[24;80H[7mESC[27m[2;1H[7mESC[27m[37m[7mESC[27m[44mâ”Œ<â”€[7mESC[27m[30m[7mESC[27m[47m /mnt [7mESC[27m[37m[7mESC[27m[44mâ”€â”€â”€â”€â”€â”€â”€â”€â”€â”€â”€ :[K[K [KESCESC[K[[[KBB[Kâ”€â”€â”€â”€â”€â”€â”€â”€â”€â”€â”€â”€â”€â”€.[^]>â”
:[K[K [KESCESC[K[[[KBB[Kâ”‚[7mESC[27m[38Câ”‚
:[K[K [KESCESC[K[[[KBB[Kâ”‚[7mESC[27m[30m[7mESC[27m[46m/..              â”‚UP--DIRâ”‚Aug  9 15:46[7mESC[27m[37m[7mESC[27m[44mâ”‚
:[K[K[root@localhost dump]# yum u[Kinstall git
Loaded plugins: fastestmirror
Loading mirror speeds from cached hostfile
 * base: mirror.reconn.ru
 * epel: mirror.nsc.liu.se
 * extras: mirror.reconn.ru
 * updates: mirror.logol.ru
Resolving Dependencies
--> Running transaction check
---> Package git.x86_64 0:1.8.3.1-14.el7_5 will be installed
--> Processing Dependency: perl-Git = 1.8.3.1-14.el7_5 for package: git-1.8.3.1-14.el7_5.x86_64
--> Processing Dependency: perl(Term::ReadKey) for package: git-1.8.3.1-14.el7_5.x86_64
--> Processing Dependency: perl(Git) for package: git-1.8.3.1-14.el7_5.x86_64
--> Processing Dependency: perl(Error) for package: git-1.8.3.1-14.el7_5.x86_64
--> Processing Dependency: libgnome-keyring.so.0()(64bit) for package: git-1.8.3.1-14.el7_5.x86_64
--> Running transaction check
---> Package libgnome-keyring.x86_64 0:3.12.0-1.el7 will be installed
---> Package perl-Error.noarch 1:0.17020-2.el7 will be installed
---> Package perl-Git.noarch 0:1.8.3.1-14.el7_5 will be installed
---> Package perl-TermReadKey.x86_64 0:2.30-20.el7 will be installed
--> Finished Dependency Resolution

Dependencies Resolved

================================================================================
 Package                Arch         Version                Repository     Size
================================================================================
Installing:
 git                    x86_64       1.8.3.1-14.el7_5       updates       4.4 M
Installing for dependencies:
 libgnome-keyring       x86_64       3.12.0-1.el7           base          109 k
 perl-Error             noarch       1:0.17020-2.el7        base           32 k
 perl-Git               noarch       1.8.3.1-14.el7_5       updates        54 k
 perl-TermReadKey       x86_64       2.30-20.el7            base           31 k

Transaction Summary
================================================================================
Install  1 Package (+4 Dependent packages)

Total download size: 4.6 M
Installed size: 23 M
Is this ok [y/d/N]: y
Downloading packages:
(1/5): perl-TermReadKey-2.30-20.el7.x86_64.rpm             |  31 kB   00:00     
(2/5): perl-Git-1.8.3.1-14.el7_5.noarch.rpm                |  54 kB   00:00     
(3/5): libgnome-keyring-3.12.0-1.el7.x86_64.rpm            | 109 kB   00:00     
(4/5): perl-Error-0.17020-2.el7.noarch.rpm                 |  32 kB   00:00     
(5/5): git-1.8.3.1-14.el7_ 65% [==========      ]  0.0 B/s | 3.0 MB   --:-- ETA (5/5): git-1.8.3.1-14.el7_5.x86_64.rpm                     | 4.4 MB   00:00     
--------------------------------------------------------------------------------
Total                                              6.4 MB/s | 4.6 MB  00:00     
Running transaction check
Running transaction test
Transaction test succeeded
Running transaction
  Installing : 1:perl-Error-0.17020-2.el7.n [                             ] 1/5  Installing : 1:perl-Error-0.17020-2.el7.n [#####                        ] 1/5  Installing : 1:perl-Error-0.17020-2.el7.n [######                       ] 1/5  Installing : 1:perl-Error-0.17020-2.el7.n [#######                      ] 1/5  Installing : 1:perl-Error-0.17020-2.el7.n [########                     ] 1/5  Installing : 1:perl-Error-0.17020-2.el7.n [#########                    ] 1/5  Installing : 1:perl-Error-0.17020-2.el7.n [#############                ] 1/5  Installing : 1:perl-Error-0.17020-2.el7.n [##############               ] 1/5  Installing : 1:perl-Error-0.17020-2.el7.n [############################ ] 1/5  Installing : 1:perl-Error-0.17020-2.el7.noarch                            1/5 
  Installing : perl-TermReadKey-2.30-20.el7 [                             ] 2/5  Installing : perl-TermReadKey-2.30-20.el7 [#######                      ] 2/5  Installing : perl-TermReadKey-2.30-20.el7 [#######################      ] 2/5  Installing : perl-TermReadKey-2.30-20.el7 [##########################   ] 2/5  Installing : perl-TermReadKey-2.30-20.el7 [############################ ] 2/5  Installing : perl-TermReadKey-2.30-20.el7.x86_64                          2/5 
  Installing : libgnome-keyring-3.12.0-1.el [                             ] 3/5  Installing : libgnome-keyring-3.12.0-1.el [#                            ] 3/5  Installing : libgnome-keyring-3.12.0-1.el [#######                      ] 3/5  Installing : libgnome-keyring-3.12.0-1.el [#############                ] 3/5  Installing : libgnome-keyring-3.12.0-1.el [###############              ] 3/5  Installing : libgnome-keyring-3.12.0-1.el [#################            ] 3/5  Installing : libgnome-keyring-3.12.0-1.el [##################           ] 3/5  Installing : libgnome-keyring-3.12.0-1.el [###################          ] 3/5  Installing : libgnome-keyring-3.12.0-1.el [####################         ] 3/5  Installing : libgnome-keyring-3.12.0-1.el [#####################        ] 3/5  Installing : libgnome-keyring-3.12.0-1.el [######################       ] 3/5  Installing : libgnome-keyring-3.12.0-1.el [#######################      ] 3/5  Installing : libgnome-keyring-3.12.0-1.el [########################     ] 3/5  Installing : libgnome-keyring-3.12.0-1.el [#########################    ] 3/5  Installing : libgnome-keyring-3.12.0-1.el [##########################   ] 3/5  Installing : libgnome-keyring-3.12.0-1.el [###########################  ] 3/5  Installing : libgnome-keyring-3.12.0-1.el [############################ ] 3/5  Installing : libgnome-keyring-3.12.0-1.el7.x86_64                         3/5 
  Installing : git-1.8.3.1-14.el7_5.x86_64 [                              ] 4/5  Installing : git-1.8.3.1-14.el7_5.x86_64 [#                             ] 4/5  Installing : git-1.8.3.1-14.el7_5.x86_64 [##                            ] 4/5  Installing : git-1.8.3.1-14.el7_5.x86_64 [###                           ] 4/5  Installing : git-1.8.3.1-14.el7_5.x86_64 [####                          ] 4/5  Installing : git-1.8.3.1-14.el7_5.x86_64 [#####                         ] 4/5  Installing : git-1.8.3.1-14.el7_5.x86_64 [######                        ] 4/5  Installing : git-1.8.3.1-14.el7_5.x86_64 [#######                       ] 4/5  Installing : git-1.8.3.1-14.el7_5.x86_64 [########                      ] 4/5  Installing : git-1.8.3.1-14.el7_5.x86_64 [#########                     ] 4/5  Installing : git-1.8.3.1-14.el7_5.x86_64 [##########                    ] 4/5  Installing : git-1.8.3.1-14.el7_5.x86_64 [###########                   ] 4/5  Installing : git-1.8.3.1-14.el7_5.x86_64 [############                  ] 4/5  Installing : git-1.8.3.1-14.el7_5.x86_64 [#############                 ] 4/5  Installing : git-1.8.3.1-14.el7_5.x86_64 [##############                ] 4/5  Installing : git-1.8.3.1-14.el7_5.x86_64 [###############               ] 4/5  Installing : git-1.8.3.1-14.el7_5.x86_64 [################              ] 4/5  Installing : git-1.8.3.1-14.el7_5.x86_64 [#################             ] 4/5  Installing : git-1.8.3.1-14.el7_5.x86_64 [##################            ] 4/5  Installing : git-1.8.3.1-14.el7_5.x86_64 [###################           ] 4/5  Installing : git-1.8.3.1-14.el7_5.x86_64 [####################          ] 4/5  Installing : git-1.8.3.1-14.el7_5.x86_64 [#####################         ] 4/5  Installing : git-1.8.3.1-14.el7_5.x86_64 [######################        ] 4/5  Installing : git-1.8.3.1-14.el7_5.x86_64 [#######################       ] 4/5  Installing : git-1.8.3.1-14.el7_5.x86_64 [########################      ] 4/5  Installing : git-1.8.3.1-14.el7_5.x86_64 [#########################     ] 4/5  Installing : git-1.8.3.1-14.el7_5.x86_64 [##########################    ] 4/5  Installing : git-1.8.3.1-14.el7_5.x86_64 [###########################   ] 4/5  Installing : git-1.8.3.1-14.el7_5.x86_64 [############################  ] 4/5  Installing : git-1.8.3.1-14.el7_5.x86_64 [############################# ] 4/5  Installing : git-1.8.3.1-14.el7_5.x86_64                                  4/5 
  Installing : perl-Git-1.8.3.1-14.el7_5.no [                             ] 5/5  Installing : perl-Git-1.8.3.1-14.el7_5.no [####                         ] 5/5  Installing : perl-Git-1.8.3.1-14.el7_5.no [######                       ] 5/5  Installing : perl-Git-1.8.3.1-14.el7_5.no [###########################  ] 5/5  Installing : perl-Git-1.8.3.1-14.el7_5.no [############################ ] 5/5  Installing : perl-Git-1.8.3.1-14.el7_5.noarch                             5/5 
  Verifying  : 1:perl-Error-0.17020-2.el7.noarch                            1/5 
  Verifying  : git-1.8.3.1-14.el7_5.x86_64                                  2/5 
  Verifying  : libgnome-keyring-3.12.0-1.el7.x86_64                         3/5 
  Verifying  : perl-Git-1.8.3.1-14.el7_5.noarch                             4/5 
  Verifying  : perl-TermReadKey-2.30-20.el7.x86_64                          5/5 

Installed:
  git.x86_64 0:1.8.3.1-14.el7_5                                                 

Dependency Installed:
  libgnome-keyring.x86_64 0:3.12.0-1.el7  perl-Error.noarch 1:0.17020-2.el7     
  perl-Git.noarch 0:1.8.3.1-14.el7_5      perl-TermReadKey.x86_64 0:2.30-20.el7 

Complete!
[root@localhost dump]# gt[Kit clone git://github.com/sca[Kha[K[K[K[K[K:DmitriyBoon/outu[K[K[Ktus.git
Cloning into 'otus'...
fatal: Unable to look up github.com (port DmitriyBoon) (Servname not supported for ai_socktype)
[root@localhost dump]# git clone git://github.com:DmitriyBoon/otus.git[1Pgithub.com:DmitriyBoon/otus.git[1Pgithub.com:DmitriyBoon/otus.git[1Pgithub.com:DmitriyBoon/otus.git[1Pgithub.com:DmitriyBoon/otus.git[1Pgithub.com:DmitriyBoon/otus.git[1Pithub.com:DmitriyBoon/otus.git[Cgithub.com:DmitriyBoon/otus.gitigithub.com:DmitriyBoon/otus.gittgithub.com:DmitriyBoon/otus.git@github.com:DmitriyBoon/otus.git
Cloning into 'otus'...
The authenticity of host 'github.com (192.30.253.112)' can't be established.
RSA key fingerprint is SHA256:nThbg6kXUpJWGl7E1IGOCspRomTxdCARLviKw6E5SY8.
RSA key fingerprint is MD5:16:27:ac:a5:76:28:2d:36:63:1b:56:4d:eb:df:a6:48.
Are you sure you want to continue connecting (yes/no)? yes
Warning: Permanently added 'github.com,192.30.253.112' (RSA) to the list of known hosts.
Permission denied (publickey).
fatal: Could not read from remote repository.

Please make sure you have the correct access rights
and the repository exists.
[root@localhost dump]# mc
[1;25r[4l[25;1H[0;10m[37m[40m[0;10m[39;49m[K[1;25r[4l[0;10m[39m[49m[1;25r[H[J[2;1H[37m[44mâ”Œ<â”€[30m[47m /mnt/dump [37m[44mâ”€â”€â”€â”€â”€â”€â”€â”€â”€â”€â”€â”€â”€â”€â”€â”€â”€â”€â”€â”€.[^]>â”
â”‚[38Câ”‚
â”‚[30m[46m/..              â”‚UP--DIRâ”‚Aug  9 15:31[37m[44mâ”‚
â”‚ dump.root       â”‚  1038Mâ”‚Aug  9 13:13â”‚
â”‚ lvm1            â”‚  86016â”‚Aug  9 13:14â”‚
â”‚ lvm2            â”‚   8192â”‚Aug  9 14:51â”‚
â”‚ lvm3            â”‚ 487424â”‚Aug  9 15:34â”‚
â”‚ lvm4            â”‚   4096â”‚Aug  9 15:40â”‚
â”‚ lvm5            â”‚  24576â”‚Aug  9 16:24â”‚
â”‚ lvm6            â”‚      0â”‚Aug  9 16:43â”‚
â”‚ lvm7            â”‚  36864â”‚Aug  9 16:58â”‚
â”‚ mtab            â”‚   2546â”‚Aug  9 16:00â”‚
â”‚                 â”‚       â”‚            â”‚
â”‚                 â”‚       â”‚            â”‚
â”‚                 â”‚       â”‚            â”‚
â”‚                 â”‚       â”‚            â”‚
â”‚                 â”‚       â”‚            â”‚
â”‚                 â”‚       â”‚            â”‚
â”œ[38Câ”¤
â”‚[38Câ”‚
â””â”€â”€â”€â”€â”€â”€â”€â”€â”€â”€â”€â”€â”€â”€â”€â”€â”€â”€â”€â”€ 8936M/10G (89%) â”€â”˜
[39m[49mHint: Want your plain shell? Press C-o, and get back to MC with C-o again.

[1m[37m[40m 1[0;10m[30m[46mHelp  [1m[37m[40m 2[0;10m[30m[46mMenu  [1m[37m[40m 3[0;10m[30m[46mView  [1m[37m[40m 4[0;10m[30m[46mEdit  [1m[37m[40m 5[0;10m[30m[46mCopy  [1m[37m[40m 6[0;10m[30m[46mRenMov[1m[37m[40m 7[0;10m[30m[46mMkdir [1m[37m[40m 8[0;10m[30m[46mDelete[1m[37m[40m 9[0;10m[30m[46mPullDn[1m[37m[40m10[0;10m[30m[46mQuit[K[23;80H[1;1H  Left     File     Command     Options     Right[K[2;41H[37m[44mâ”Œ<â”€ /mnt/dump â”€â”€â”€â”€â”€â”€â”€â”€â”€â”€â”€â”€â”€â”€â”€â”€â”€â”€â”€â”€.[^]>â”[3;2H[1m[33m[44m'n     Name      [0;10m[37m[44mâ”‚[1m[33m[44m Size  [0;10m[37m[44mâ”‚[1m[33m[44mModify time [0;10m[37m[44mâ”‚â”‚[1m[33m[44m'n     Name      [0;10m[37m[44mâ”‚[1m[33m[44m Size  [0;10m[37m[44mâ”‚[1m[33m[44mModify time [0;10m[37m[44mâ”‚[4;41Hâ”‚[1m[37m[44m/..              [0;10m[37m[44mâ”‚[1m[37m[44mUP--DIR[0;10m[37m[44mâ”‚[1m[37m[44mAug  9 15:31[0;10m[37m[44mâ”‚[5;41Hâ”‚ dump.root       â”‚  1038Mâ”‚Aug  9 13:13â”‚[6;41Hâ”‚ lvm1            â”‚  86016â”‚Aug  9 13:14â”‚[7;41Hâ”‚ lvm2            â”‚   8192â”‚Aug  9 14:51â”‚[8;41Hâ”‚ lvm3            â”‚ 487424â”‚Aug  9 15:34â”‚[9;41Hâ”‚ lvm4            â”‚   4096â”‚Aug  9 15:40â”‚[10;41Hâ”‚ lvm5            â”‚  24576â”‚Aug  9 16:24â”‚[11;41Hâ”‚ lvm6            â”‚      0â”‚Aug  9 16:43â”‚[12;41Hâ”‚ lvm7            â”‚  36864â”‚Aug  9 16:58â”‚[13;41Hâ”‚ mtab            â”‚   2546â”‚Aug  9 16:00â”‚[14;41Hâ”‚                 â”‚       â”‚            â”‚[15;41Hâ”‚                 â”‚       â”‚            â”‚[16;41Hâ”‚                 â”‚       â”‚            â”‚[17;41Hâ”‚                 â”‚       â”‚            â”‚[18;41Hâ”‚                 â”‚       â”‚            â”‚[19;41Hâ”‚                 â”‚       â”‚            â”‚[20;2Hâ”€â”€â”€â”€â”€â”€â”€â”€â”€â”€â”€â”€â”€â”€â”€â”€â”€â”€â”€â”€â”€â”€â”€â”€â”€â”€â”€â”€â”€â”€â”€â”€â”€â”€â”€â”€â”€â”€â”¤â”œâ”€â”€â”€â”€â”€â”€â”€â”€â”€â”€â”€â”€â”€â”€â”€â”€â”€â”€â”€â”€â”€â”€â”€â”€â”€â”€â”€â”€â”€â”€â”€â”€â”€â”€â”€â”€â”€â”€â”¤[21;2HUP--DIR                               â”‚â”‚UP--DIR                               â”‚[22;41Hâ””â”€â”€â”€â”€â”€â”€â”€â”€â”€â”€â”€â”€â”€â”€â”€â”€â”€â”€â”€â”€ 8936M/10G (89%) â”€â”˜[24;77H[39m[49m[1K [37m[44m[^][24;1H[39m[49m[root@localhost dump]#[55C[24;24H[4;2H[1m[37m[44m/..              [0;10m[37m[44mâ”‚[1m[37m[44mUP--DIR[0;10m[37m[44mâ”‚[1m[37m[44mAug  9 15:31[5;2H[0;10m[30m[46m dump.root       â”‚  1038Mâ”‚Aug  9 13:13[21;2H[37m[44m dump.root[24;24H[4;2H[30m[46m/..              â”‚UP--DIRâ”‚Aug  9 15:31[5;2H[37m[44m dump.root       â”‚  1038Mâ”‚Aug  9 13:13[21;2HUP--DIR   [24;24H[4;2H[1m[37m[44m/..              [0;10m[37m[44mâ”‚[1m[37m[44mUP--DIR[0;10m[37m[44mâ”‚[1m[37m[44mAug  9 15:31[5;2H[0;10m[30m[46m dump.root       â”‚  1038Mâ”‚Aug  9 13:13[21;2H[37m[44m dump.root[24;24H[4;2H[30m[46m/..              â”‚UP--DIRâ”‚Aug  9 15:31[5;2H[37m[44m dump.root       â”‚  1038Mâ”‚Aug  9 13:13[21;2HUP--DIR   [24;24H[2;9H[30m[47m [37m[44mâ”€â”€â”€â”€â”€[4;2H[1m[37m[44m/..              [0;10m[37m[44mâ”‚[1m[37m[44mUP--DIR[0;10m[37m[44mâ”‚[1m[37m[44mAug  9 15:46[5;2H[0;10m[30m[46m/dump            â”‚    119â”‚Aug  9 16:58[6;2H[1m[37m[44m/exch            [0;10m[37m[44mâ”‚[1m[37m[44m      6[0;10m[37m[44mâ”‚[1m[37m[44mAug  9 15:31[7;2H/home            [0;10m[37m[44mâ”‚[1m[37m[44m   4096[0;10m[37m[44mâ”‚[1m[37m[44mAug  9 16:30[8;2H/var             [0;10m[37m[44mâ”‚[1m[37m[44m      6[0;10m[37m[44mâ”‚[1m[37m[44mAug  9 15:31[9;3H[0;10m[37m[44m    [16C    â”‚            [10;3H    [15C     â”‚            [11;3H    [19C â”‚            [12;3H    [15C     â”‚            [13;3H    [16C    â”‚            [21;2H/dump  [22;20H 7247M/8182M (88[24;24H[24;17H[39m[49mmnt]# [55C[24;23H[2;9H[30m[47m/dump [4;2H[46m/..              â”‚UP--DIRâ”‚Aug  9 15:31[5;2H[37m[44m dump.root       â”‚  1038Mâ”‚Aug  9 13:13[6;2H lvm1            â”‚  86016â”‚Aug  9 13:14[7;2H lvm2            â”‚   8192â”‚Aug  9 14:51[8;2H lvm3            â”‚ 487424â”‚Aug  9 15:34[9;3Hlvm4[16C4096â”‚Aug  9 15:40[10;3Hlvm5[15C24576â”‚Aug  9 16:24[11;3Hlvm6[19C0â”‚Aug  9 16:43[12;3Hlvm7[15C40960â”‚Aug  9 16:58[13;3Hmtab[16C2546â”‚Aug  9 16:00[21;2HUP--DIR[22;20Hâ”€â”€ 8936M/10G (89[24;23H[24;17H[39m[49mdump]#[55C[24;24H[7;13H[30m[47m                                                        [8;13H â”Œâ”€â”€â”€â”€â”€â”€â”€â”€â”€â”€â”€â”€â”€â”€[34m The Midnight Commander [30mâ”€â”€â”€â”€â”€â”€â”€â”€â”€â”€â”€â”€â”€â”€â” [9;13H â”‚ Do you really want to quit the Midnight Commander? â”‚ [10;13H â”œâ”€â”€â”€â”€â”€â”€â”€â”€â”€â”€â”€â”€â”€â”€â”€â”€â”€â”€â”€â”€â”€â”€â”€â”€â”€â”€â”€â”€â”€â”€â”€â”€â”€â”€â”€â”€â”€â”€â”€â”€â”€â”€â”€â”€â”€â”€â”€â”€â”€â”€â”€â”€â”¤ [11;13H â”‚                  [46m[ [34mY[30mes ][47m  [ [34mN[30mo ]                   â”‚ [12;13H â””â”€â”€â”€â”€â”€â”€â”€â”€â”€â”€â”€â”€â”€â”€â”€â”€â”€â”€â”€â”€â”€â”€â”€â”€â”€â”€â”€â”€â”€â”€â”€â”€â”€â”€â”€â”€â”€â”€â”€â”€â”€â”€â”€â”€â”€â”€â”€â”€â”€â”€â”€â”€â”˜ [13;13H                                                        [11;35H[23;7H[39m[49mFind File: you can work on the files found using the Panelize button.[23;80H[1;1H[K
[K
[K
[K
[K
[K
[K
[K
[K
[K
[K
[K
[K
[K
[K
[K
[K
[K
[K
[K
[K
[K
[K
[K
[K[1;80H[25;1H[0;10m[39;49m[K[39;49m
[root@localhost dump]# mcgit clone git@github.com:DmitriyBoon/otus.git
Cloning into 'otus'...
Warning: Permanently added the RSA host key for IP address '192.30.253.113' to the list of known hosts.
Permission denied (publickey).
fatal: Could not read from remote repository.

Please make sure you have the correct access rights
and the repository exists.
[root@localhost dump]# git clone git@github.com:DmitriyBoon/otus.git[K[K[K[K[K[K[K[K[K[K[K[K[K[K[K[K[K[K[K[K[K[K[K[K[K[K[K[K[K[K[K[K[K[K[K[K[K[K[K[K[K[K[K[K[Knano /etc/ss
ssh/ ssl/ 
[root@localhost dump]# nano /etc/ssh/sshd_config 
[1;25r[0;10m[4l[?7h[?25h[?0c[39;49m[39;49m[0;10m[H[J[0;10;7m  GNU nano 2.3.1          File: /etc/ssh/sshd_config                            [3;1H[0;10m#	$OpenBSD: sshd_config,v 1.100 2016/08/15 12:32:04 naddy Exp $[5d# This is the sshd server system-wide configuration file.  See[6d# sshd_config(5) for more information.[8d# This sshd was compiled with PATH=/usr/local/bin:/usr/bin[10d# The strategy used for options in the default sshd_config shipped with[11d# OpenSSH is to specify options with their default value where[12d# possible, but leave them commented.  Uncommented options override the[13d# default value.[15d# If you want to change the port on a SELinux system, you have to tell[16d# SELinux about this change.[17d# semanage port -a -t ssh_port_t -p tcp #PORTNUMBER[18d#[19d#Port 22[20d#AddressFamily any[21d#ListenAddress 0.0.0.0[22d#ListenAddress ::[23;32H[0;10;7m[ Read 140 lines ][24d^G[0;10m Get Help  [0;10;7m^O[0;10m WriteOut  [0;10;7m^R[0;10m Read File [0;10;7m^Y[0;10m Prev Page [0;10;7m^K[0;10m Cut Text  [0;10;7m^C[0;10m Cur Pos[25d[0;10;7m^X[0;10m Exit[14G[0;10;7m^J[0;10m Justify   [0;10;7m^W[0;10m Where Is  [0;10;7m^V[0;10m Next Page [0;10;7m^U[0;10m UnCut Text[0;10;7m^T[0;10m To Spell[3d[4d[5d[6d[7d[8d[9d[10d[11d[12d[13d[14d[15d[16d[17d[18d[19d[20d[21d[22d[3d[K[4d# If you want to change the port on a SELinux system, you have to tell[5;3HSELinux about this change.[K[6;4Hemanage port -a -t ssh_port_t -p tcp #PORTNUMBER[7d#[8dPort 22[K[9d#AddressFamily any[10d#ListenAddress 0.0.0.0[K[11d#ListenAddress ::[K[12d[K[13dHostKey /etc/ssh/ssh_host_rsa_key[14d#HostKey /etc/ssh/ssh_host_dsa_key[15dHostKey /etc/ssh/ssh_host_ecdsa_key[K[16dHostKey /etc/ssh/ssh_host_ed25519_key[17d[K[18d# Ciphers and keying[19d#RekeyLimit default none[20d[K[21d# Logging[K[22d#SyslogFacility AUTH[12d[13d[14d[15d[16d[17d[23d[K[18d[19d[20d[21d[22d[3;23r[3;1H[11M[1;25r[12;1HSyslogFacility AUTHPRIV[13d#LogLevel INFO[15d# Authentication:[17d#LoginGraceTime 2m[18d#PermitRootLogin yes[19d#StrictModes yes[20d#MaxAuthTries 6[21d#MaxSessions 10[12d[13d[14d[15d[16d[17d[18d[19d[20d[21d[A[A[A[A[A[A[A[A[A[A[12d[1;71H[0;10;7mModified[12d[0;10m#SyslogFacility AUTHPRIV#[13d[14d[15d#[16d[17d#[18d[19d[20d[21d[22d[2;23r[2;1H[11M[1;25r[2;1H[K[12d#PubkeyAuthentication yes[14d# The default is to check both .ssh/authorized_keys and .ssh/authorized_keys2[15d# but this is overridden so installations will only check .ssh/authorized_keys[16dAuthorizedKeysFile	.ssh/authorized_keys[18d#AuthorizedPrincipalsFile none[20d#AuthorizedKeysCommand none[21d#AuthorizedKeysCommandUser nobody[12d#[13d[14d#[A[A#[A[A#[A[A[A[A[7d[8d[9d[10d[11d[12d#[13d[14d#[15d[16d#AuthorizedKeysFile#AuthorizedKeysFile [17d[18d[19d[20d[21d[22d[2;23r[2;1H[11M[1;25r[12;1H# For this to work you will also need host keys in /etc/ssh/ssh_known_hosts[13d#HostbasedAuthentication no[14d# Change to yes if you don't trust ~/.ssh/known_hosts for[15d# HostbasedAuthentication[16d#IgnoreUserKnownHosts no[17d# Don't read the user's ~/.rhosts and ~/.shosts files[18d#IgnoreRhosts yes[20d# To disable tunneled clear text passwords, change to no here![21d#PasswordAuthentication yes[22d#PermitEmptyPasswords no[12d[13d[14d[15d[16d[17d[18d[19d[20d[21d[22d[2;23r[2;1H[11M[1;25r[2;1H[K[12dPasswordAuthentication no[14d# Change to no to disable s/key passwords[15d#ChallengeResponseAuthentication yes[16dChallengeResponseAuthentication no[18d# Kerberos options[19d#KerberosAuthentication no[20d#KerberosOrLocalPasswd yes[21d#KerberosTicketCleanup yes[22d#KerberosGetAFSToken no[12d[13d[14d[15d[16d[17d[18d[19d[20d[21d[22d[2;23r[2;1H[11M[1;25r[12;1H#KerberosUseKuserok yes[14d# GSSAPI options[15dGSSAPIAuthentication yes[16dGSSAPICleanupCredentials no[17d#GSSAPIStrictAcceptorCheck yes[18d#GSSAPIKeyExchange no[19d#GSSAPIEnablek5users no[21d# Set this to 'yes' to enable PAM authentication, account processing,[22d# and session processing. If this is enabled, PAM authentication will[12d[13d[14d[15d[16d[A[16d[17d[A[17d[18d[19d[20d[21d[22d[2;23r[2;1H[11M[1;25r[12;1H# be allowed through the ChallengeResponseAuthentication and[13d# PasswordAuthentication.  Depending on your PAM configuration,[14d# PAM authentication via ChallengeResponseAuthentication may bypass[15d# the setting of "PermitRootLogin without-password".[16d# If you just want the PAM account and session checks to run without[17d# PAM authentication, then enable this but set PasswordAuthentication[18d# and ChallengeResponseAuthentication to 'no'.[19d# WARNING: 'UsePAM no' is not supported in Red Hat Enterprise Linux and may cau$[20;1H# problems.[21dUsePAM yes[12d[13d[14d[15d[16d[17d[18d[19d[20d[21d[22d[3;23r[3;1H[11M[1;25r[12;1H#AllowAgentForwarding yes[13d#AllowTcpForwarding yes[14d#GatewayPorts no[15dX11Forwarding yes[16d#X11DisplayOffset 10[17d#X11UseLocalhost yes[18d#PermitTTY yes[19d#PrintMotd yes[20d#PrintLastLog yes[21d#TCPKeepAlive yes[22d#UseLogin no[12d[13d[14d[15d[16d[17d[18d[19d[A[A[A[A[A[A[14d[15d[16d[17d[18d[19d[20d[21d[22d[3;23r[3;1H[11M[1;25r[12;1H#UsePrivilegeSeparation sandbox[13d#PermitUserEnvironment no[14d#Compression delayed[15d#ClientAliveInterval 0[16d#ClientAliveCountMax 3[17d#ShowPatchLevel no[18d#UseDNS yes[19dUseDNS no[20d#PidFile /var/run/sshd.pid[21d#MaxStartups 10:30:100[22d#PermitTunnel no[12d[13d[14d[15d[16d[A[A[A[A[A[A[11d[12d[13d[14d[15d[16d[17d[18d[19d[20d[21d[22d[3;23r[3;1H[11M[1;25r[12;1H#ChrootDirectory none[13d#VersionAddendum none[15d# no default banner path[16d#Banner none[18d# Accept locale-related environment variables[19dAcceptEnv LANG LC_CTYPE LC_NUMERIC LC_TIME LC_COLLATE LC_MONETARY LC_MESSAGES[20dAcceptEnv LC_PAPER LC_NAME LC_ADDRESS LC_TELEPHONE LC_MEASUREMENT[21dAcceptEnv LC_IDENTIFICATION LC_ALL LANGUAGE[22dAcceptEnv XMODIFIERS[12d[13d[14d[15d[16d[17d[18d[19d[20d[21d[22d[3;23r[3;1H[11M[1;25r[13;1H# override default of no subsystems[14dSubsystem	sftp    /usr/libexec/openssh/sftp-server[16d# Example of overriding settings on a per-user basis[17d#Match User anoncvs[18d#	X11Forwarding no[19d#	AllowTcpForwarding no[20d#	PermitTTY no[21d#	ForceCommand cvs server[12d[13d[14d[15d[16d[17d[18d[19d[20d[A[A[A[A[A[A[A[A[A[A[A[A[9d[10d[11d[12d[13d[14d[15d[16d[17d[18d[19d[20d[21d[22d[A[A[A[A[A[A[A[A[A[A[A[A[A[A[A[A[A[6d[A[6d[7d[8d[9d[10d[11d[12d[13d[A[A[A[A[A[A[A[A[A[A[2;23r[2;1H[11L[1;25r[3;1H#Compression delayed[4d#ClientAliveInterval 0[5d#ClientAliveCountMax 3[6d#ShowPatchLevel no[7d#UseDNS yes[8dUseDNS no[9d#PidFile /var/run/sshd.pid[10d#MaxStartups 10:30:100[11d#PermitTunnel no[12d#ChrootDirectory none[13d#VersionAddendum none[A[A[A[A[A[A[A[A[A[A[2;22r[2;1H[11L[1;25r[3;1H#GatewayPorts no[4dX11Forwarding yes[5d#X11DisplayOffset 10[6d#X11UseLocalhost yes[7d#PermitTTY yes[8d#PrintMotd yes[9d#PrintLastLog yes[10d#TCPKeepAlive yes[11d#UseLogin no[12d#UsePrivilegeSeparation sandbox[13d#PermitUserEnvironment no[A[A[A[A[A[A[A[A[A[A[4d[5d[6d[7d[8d[9d[10d[11d[12d[13d[14d[15d[16d[17d[18d[19d[A[A[A[A[A[15d[16d[17d[18d[19d[20d[21d[22d[3;23r[3;1H[11M[1;25r[12;1H#ChrootDirectory none[13d#VersionAddendum none[15d# no default banner path[16d#Banner none[18d# Accept locale-related environment variables[19dAcceptEnv LANG LC_CTYPE LC_NUMERIC LC_TIME LC_COLLATE LC_MONETARY LC_MESSAGES[20dAcceptEnv LC_PAPER LC_NAME LC_ADDRESS LC_TELEPHONE LC_MEASUREMENT[21dAcceptEnv LC_IDENTIFICATION LC_ALL LANGUAGE[22dAcceptEnv XMODIFIERS[12d[13d[14d[15d[16d[17d[18d[A[A[A[A[A[A[A[A[A[A[A[A[A[A[A[2;22r[2;1H[11L[1;25r[3;1H#GatewayPorts no[4dX11Forwarding yes[5d#X11DisplayOffset 10[6d#X11UseLocalhost yes[7d#PermitTTY yes[8d#PrintMotd yes[9d#PrintLastLog yes[10d#TCPKeepAlive yes[11d#UseLogin no[12d#UsePrivilegeSeparation sandbox[13d#PermitUserEnvironment no[A[A[A[A[A[A[A[A[A[A[2;22r[2;1H[11L[1;25r[3;1H# PAM authentication via ChallengeResponseAuthentication may bypass[4d# the setting of "PermitRootLogin without-password".[5d# If you just want the PAM account and session checks to run without[6d# PAM authentication, then enable this but set PasswordAuthentication[7d# and ChallengeResponseAuthentication to 'no'.[8d# WARNING: 'UsePAM no' is not supported in Red Hat Enterprise Linux and may cau$[9;1H# problems.[10dUsePAM yes[12d#AllowAgentForwarding yes[13d#AllowTcpForwarding yes[A[A[A[A[A[A[A[A[A[A[2;22r[2;1H[11L[1;25r[3;1H# GSSAPI options[4dGSSAPIAuthentication yes[5dGSSAPICleanupCredentials no[6d#GSSAPIStrictAcceptorCheck yes[7d#GSSAPIKeyExchange no[8d#GSSAPIEnablek5users no[10d# Set this to 'yes' to enable PAM authentication, account processing,[11d# and session processing. If this is enabled, PAM authentication will[12d# be allowed through the ChallengeResponseAuthentication and[13d# PasswordAuthentication.  Depending on your PAM configuration,[A[A[A[A[A[A[A[A[A[A[2;22r[2;1H[11L[1;25r[3;1H# Change to no to disable s/key passwords[4d#ChallengeResponseAuthentication yes[5dChallengeResponseAuthentication no[7d# Kerberos options[8d#KerberosAuthentication no[9d#KerberosOrLocalPasswd yes[10d#KerberosTicketCleanup yes[11d#KerberosGetAFSToken no[12d#KerberosUseKuserok yes[13d[A[A[A[A[A[A[A[A[A[A[2;22r[2;1H[11L[1;25r[3;1H# Change to yes if you don't trust ~/.ssh/known_hosts for[4d# HostbasedAuthentication[5d#IgnoreUserKnownHosts no[6d# Don't read the user's ~/.rhosts and ~/.shosts files[7d#IgnoreRhosts yes[9d# To disable tunneled clear text passwords, change to no here![10d#PasswordAuthentication yes[11d#PermitEmptyPasswords no[12dPasswordAuthentication no[13d[A[A[A[A[A[A[A[A[A[A[2;22r[2;1H[11L[1;25r[3;1H# The default is to check both .ssh/authorized_keys and .ssh/authorized_keys2[4d# but this is overridden so installations will only check .ssh/authorized_keys[5dAuthorizedKeysFile	.ssh/authorized_keys[7d#AuthorizedPrincipalsFile none[9d#AuthorizedKeysCommand none[10d#AuthorizedKeysCommandUser nobody[12d# For this to work you will also need host keys in /etc/ssh/ssh_known_hosts[13d#HostbasedAuthentication no[A[A[A[A[A[A[A[A[A[A[2;22r[2;1H[11L[1;25r[4;1H# Authentication:[6d#LoginGraceTime 2m[7d#PermitRootLogin yes[8d#StrictModes yes[9d#MaxAuthTries 6[10d#MaxSessions 10[12d#PubkeyAuthentication yes[13d[A[A[A[A[A[A[A[A[6d[7d[8d[9d[10d[11d[12d[13d[14d[15d[16d[17d[18d[19d[20d[21d[22d[2;23r[2;1H[11M[1;25r[12;1H# For this to work you will also need host keys in /etc/ssh/ssh_known_hosts[13d#HostbasedAuthentication no[14d# Change to yes if you don't trust ~/.ssh/known_hosts for[15d# HostbasedAuthentication[16d#IgnoreUserKnownHosts no[17d# Don't read the user's ~/.rhosts and ~/.shosts files[18d#IgnoreRhosts yes[20d# To disable tunneled clear text passwords, change to no here![21d#PasswordAuthentication yes[22d#PermitEmptyPasswords no[12d[A[A[A[A[A[A[A[A[A[2;22r[2;1H[11L[1;25r[4;1H# Authentication:[6d#LoginGraceTime 2m[7d#PermitRootLogin yes[8d#StrictModes yes[9d#MaxAuthTries 6[10d#MaxSessions 10[12d#PubkeyAuthentication yes[13d[A[A[A[A[10d[11d[12d[13d[14d[15d[16d[17d[A[A[A[A[A[13d[14d[15d[16d[17d[18d[19d[20d[21d[22d[A[A[A[A[19d[20d[21d[22d[2;23r[2;1H[11M[1;25r[12;1H# For this to work you will also need host keys in /etc/ssh/ssh_known_hosts[13d#HostbasedAuthentication no[14d# Change to yes if you don't trust ~/.ssh/known_hosts for[15d# HostbasedAuthentication[16d#IgnoreUserKnownHosts no[17d# Don't read the user's ~/.rhosts and ~/.shosts files[18d#IgnoreRhosts yes[20d# To disable tunneled clear text passwords, change to no here![21d#PasswordAuthentication yes[22d#PermitEmptyPasswords no[12d[13d[14d[15d[16d[17d[18d[19d[20d[21d#[1P[23d[0;10;7mFile Name to Write: /etc/ssh/sshd_config                                        [24;14H[0;10m       [0;10;7mM-D[0;10m DOS Format      [0;10;7mM-A[0;10m Append          [0;10;7mM-B[0;10m Backup File[25;2H[0;10;7mC[0;10m Cancel           [0;10;7mM-M[0;10m Mac Format      [0;10;7mM-P[0;10m Prepend[K[23;41H[1;71H[39;49m[0;10;7m        [23;30H[0;10m[1K [0;10;7m[ Wrote 140 lines ][0;10m[K[24;14H[0;10;7m^O[0;10m WriteOut  [0;10;7m^R[0;10m Read File [0;10;7m^Y[0;10m Prev Page [0;10;7m^K[0;10m Cut Text  [0;10;7m^C[0;10m Cur Pos[25;2H[0;10;7mX[0;10m Exit      [0;10;7m^J[0;10m Justify   [0;10;7m^W[0;10m Where Is  [0;10;7m^V[0;10m Next Page [0;10;7m^U[0;10m UnCut Text[0;10;7m^T[0;10m To Spell[21d[24d[J[25;80H[25;1H[root@localhost dump]# ssh[K[K[Kservice ssh restart
Redirecting to /bin/systemctl restart ssh.service
^C
[root@localhost dump]# service ssh restart
Redirecting to /bin/systemctl restart ssh.service
Error getting authority: Error initializing authority: Error calling StartServiceByName for org.freedesktop.PolicyKit1: GDBus.Error:org.freedesktop.DBus.Error.TimedOut: Failed to activate service 'org.freedesktop.PolicyKit1': timed out (g-dbus-error-quark, 20)
Failed to restart ssh.service: Unit not found.
[root@localhost dump]# service ssh restartd restart
Redirecting to /bin/systemctl restart sshd.service
^C
[root@localhost dump]# service sshd restart[1P restartnano /etc/ssh/sshd_config 
[1;25r[0;10m[4l[?7h[?25h[?0c[39;49m[39;49m[0;10m[H[J[0;10;7m  GNU nano 2.3.1          File: /etc/ssh/sshd_config                            [3;1H[0;10m#	$OpenBSD: sshd_config,v 1.100 2016/08/15 12:32:04 naddy Exp $[5d# This is the sshd server system-wide configuration file.  See[6d# sshd_config(5) for more information.[8d# This sshd was compiled with PATH=/usr/local/bin:/usr/bin[10d# The strategy used for options in the default sshd_config shipped with[11d# OpenSSH is to specify options with their default value where[12d# possible, but leave them commented.  Uncommented options override the[13d# default value.[15d# If you want to change the port on a SELinux system, you have to tell[16d# SELinux about this change.[17d# semanage port -a -t ssh_port_t -p tcp #PORTNUMBER[18d#[19d#Port 22[20d#AddressFamily any[21d#ListenAddress 0.0.0.0[22d#ListenAddress ::[23;32H[0;10;7m[ Read 140 lines ][24d^G[0;10m Get Help  [0;10;7m^O[0;10m WriteOut  [0;10;7m^R[0;10m Read File [0;10;7m^Y[0;10m Prev Page [0;10;7m^K[0;10m Cut Text  [0;10;7m^C[0;10m Cur Pos[25d[0;10;7m^X[0;10m Exit[14G[0;10;7m^J[0;10m Justify   [0;10;7m^W[0;10m Where Is  [0;10;7m^V[0;10m Next Page [0;10;7m^U[0;10m UnCut Text[0;10;7m^T[0;10m To Spell[3d[4d[5d[6d[7d[8d[9d[10d[11d[12d[13d[14d[15d[16d[17d[18d[19d[20d[21d[22d[3d[K[4d# If you want to change the port on a SELinux system, you have to tell[5;3HSELinux about this change.[K[6;4Hemanage port -a -t ssh_port_t -p tcp #PORTNUMBER[7d#[8dPort 22[K[9d#AddressFamily any[10d#ListenAddress 0.0.0.0[K[11d#ListenAddress ::[K[12d[K[13dHostKey /etc/ssh/ssh_host_rsa_key[14d#HostKey /etc/ssh/ssh_host_dsa_key[15dHostKey /etc/ssh/ssh_host_ecdsa_key[K[16dHostKey /etc/ssh/ssh_host_ed25519_key[17d[K[18d# Ciphers and keying[19d#RekeyLimit default none[20d[K[21d# Logging[K[22d#SyslogFacility AUTH[12d[13d[14d[15d[16d[17d[23d[K[18d[19d[20d[21d[22d[3;23r[3;1H[11M[1;25r[12;1H#SyslogFacility AUTHPRIV[13d#LogLevel INFO[15d# Authentication:[17d#LoginGraceTime 2m[18d#PermitRootLogin yes[19d#StrictModes yes[20d#MaxAuthTries 6[21d#MaxSessions 10[12d[13d[A[A[A[A[10d[11d[12d[13d[14d[15d[16d[17d[18d[19d[20d[21d[22d[2;23r[2;1H[11M[1;25r[2;1H[K[12d#PubkeyAuthentication yes[14d# The default is to check both .ssh/authorized_keys and .ssh/authorized_keys2[15d# but this is overridden so installations will only check .ssh/authorized_keys[16dAuthorizedKeysFile	.ssh/authorized_keys[18d#AuthorizedPrincipalsFile none[20d#AuthorizedKeysCommand none[21d#AuthorizedKeysCommandUser nobody[12d[13d[14d[15d[16d[17d[A[A[16d[1;71H[0;10;7mModified[16d[0;10m#AuthorizedKeysFile#[17d[18d#[19d[20d#[21d[22d[2;23r[2;1H[11M[1;25r[12;1H# For this to work you will also need host keys in /etc/ssh/ssh_known_hosts[13d#HostbasedAuthentication no[14d# Change to yes if you don't trust ~/.ssh/known_hosts for[15d# HostbasedAuthentication[16d#IgnoreUserKnownHosts no[17d# Don't read the user's ~/.rhosts and ~/.shosts files[18d#IgnoreRhosts yes[20d# To disable tunneled clear text passwords, change to no here![21dPasswordAuthentication yes[22d#PermitEmptyPasswords no[12d#[13d[14d[15d[16d[17d[18d[19d[20d#[21d[22d[2;23r[2;1H[11M[1;25r[2;1H[K[12dPasswordAuthentication no[14d# Change to no to disable s/key passwords[15d#ChallengeResponseAuthentication yes[16dChallengeResponseAuthentication no[18d# Kerberos options[19d#KerberosAuthentication no[20d#KerberosOrLocalPasswd yes[21d#KerberosTicketCleanup yes[22d#KerberosGetAFSToken no[12dP[13d[14d#[15d[16d#ChallengeResponseAuthentication no#[17d[18d#[19d[20d[21d[22d[2;23r[2;1H[11M[1;25r[12;1H#KerberosUseKuserok yes[14d# GSSAPI options[15dGSSAPIAuthentication yes[16dGSSAPICleanupCredentials no[17d#GSSAPIStrictAcceptorCheck yes[18d#GSSAPIKeyExchange no[19d#GSSAPIEnablek5users no[21d# Set this to 'yes' to enable PAM authentication, account processing,[22d# and session processing. If this is enabled, PAM authentication will[12d#[13d[14d#[15d[16d[A#GSSAPIAuthentication yes#[16d#GSSAPICleanupCredentials no#[17d[18d[19d[20d[21d#[22d[2;23r[2;1H[11M[1;25r[12;1H# be allowed through the ChallengeResponseAuthentication and[13d# PasswordAuthentication.  Depending on your PAM configuration,[14d# PAM authentication via ChallengeResponseAuthentication may bypass[15d# the setting of "PermitRootLogin without-password".[16d# If you just want the PAM account and session checks to run without[17d# PAM authentication, then enable this but set PasswordAuthentication[18d# and ChallengeResponseAuthentication to 'no'.[19d# WARNING: 'UsePAM no' is not supported in Red Hat Enterprise Linux and may cau$[20;1H# problems.[21dUsePAM yes[12d#[13d[14d[15d[16d[17d[18d[19d[20d[21d#UsePAM yes#[22d[3;23r[3;1H[11M[1;25r[12;1H#AllowAgentForwarding yes[13d#AllowTcpForwarding yes[14d#GatewayPorts no[15dX11Forwarding yes[16d#X11DisplayOffset 10[17d#X11UseLocalhost yes[18d#PermitTTY yes[19d#PrintMotd yes[20d#PrintLastLog yes[21d#TCPKeepAlive yes[22d#UseLogin no[12d#[13d[14d[15d[16d[17d[A[A#X11Forwarding yes#[16d[17d[18d[19d[20d[21d[22d[3;23r[3;1H[11M[1;25r[12;1H#UsePrivilegeSeparation sandbox[13d#PermitUserEnvironment no[14d#Compression delayed[15d#ClientAliveInterval 0[16d#ClientAliveCountMax 3[17d#ShowPatchLevel no[18d#UseDNS yes[19dUseDNS no[20d#PidFile /var/run/sshd.pid[21d#MaxStartups 10:30:100[22d#PermitTunnel no[12d#[13d[14d[15d[16d[17d[18d[19d[20d[A#UseDNS no#[20d[21d[22d[3;23r[3;1H[11M[1;25r[12;1H#ChrootDirectory none[13d#VersionAddendum none[15d# no default banner path[16d#Banner none[18d# Accept locale-related environment variables[19dAcceptEnv LANG LC_CTYPE LC_NUMERIC LC_TIME LC_COLLATE LC_MONETARY LC_MESSAGES[20dAcceptEnv LC_PAPER LC_NAME LC_ADDRESS LC_TELEPHONE LC_MEASUREMENT[21dAcceptEnv LC_IDENTIFICATION LC_ALL LANGUAGE[22dAcceptEnv XMODIFIERS[12d#[13d[14d[15d#[16d[17d[18d#[19d[20d[A[18;46H[19d#AcceptEnv LANG LC_CTYPE LC_NUMERIC LC_TIME LC_COLLATE LC_MONETARY LC_MESSAGES#[20d#AcceptEnv LC_PAPER LC_NAME LC_ADDRESS LC_TELEPHONE LC_MEASUREMENT#[21d#AcceptEnv LC_IDENTIFICATION LC_ALL LANGUAGE#[22d#AcceptEnv XMODIFIERS#[3;23r[3;1H[11M[1;25r[13;1H# override default of no subsystems[14dSubsystem	sftp    /usr/libexec/openssh/sftp-server[16d# Example of overriding settings on a per-user basis[17d#Match User anoncvs[18d#	X11Forwarding no[19d#	AllowTcpForwarding no[20d#	PermitTTY no[21d#	ForceCommand cvs server[12d[13d#[14d[15d[16d#[23d[0;10;7mFile Name to Write: /etc/ssh/sshd_config                                        [24;14H[0;10m       [0;10;7mM-D[0;10m DOS Format      [0;10;7mM-A[0;10m Append          [0;10;7mM-B[0;10m Backup File[25;2H[0;10;7mC[0;10m Cancel           [0;10;7mM-M[0;10m Mac Format      [0;10;7mM-P[0;10m Prepend[K[23;41H[1;71H[39;49m[0;10;7m        [23;30H[0;10m[1K [0;10;7m[ Wrote 140 lines ][0;10m[K[24;14H[0;10;7m^O[0;10m WriteOut  [0;10;7m^R[0;10m Read File [0;10;7m^Y[0;10m Prev Page [0;10;7m^K[0;10m Cut Text  [0;10;7m^C[0;10m Cur Pos[25;2H[0;10;7mX[0;10m Exit      [0;10;7m^J[0;10m Justify   [0;10;7m^W[0;10m Where Is  [0;10;7m^V[0;10m Next Page [0;10;7m^U[0;10m UnCut Text[0;10;7m^T[0;10m To Spell[16d#[24d[J[25;80H[25;1H[root@localhost dump]# nano /etc/ssh/sshd_config [C[C[C[C[C[C[C[C[C[C[C[C[C[C[C[C[C[C[C[C[C[C[C[6Pservice sshd restart
Redirecting to /bin/systemctl restart sshd.service
Error getting authority: Error initializing authority: Error calling StartServiceByName for org.freedesktop.PolicyKit1: Timeout was reached (g-io-error-quark, 24)
Failed to restart sshd.service: Connection timed out
See system logs and 'systemctl status sshd.service' for details.
[root@localhost dump]# 
[root@localhost dump]# mc
[1;25r[4l[25;1H[0;10m[37m[40m[0;10m[39;49m[K[1;25r[4l[0;10m[39m[49m[1;25r[H[J[2;1H[37m[44mâ”Œ<â”€[30m[47m /mnt/dump [37m[44mâ”€â”€â”€â”€â”€â”€â”€â”€â”€â”€â”€â”€â”€â”€â”€â”€â”€â”€â”€â”€.[^]>â”
â”‚[38Câ”‚
â”‚[30m[46m/..              â”‚UP--DIRâ”‚Aug  9 15:31[37m[44mâ”‚
â”‚ dump.root       â”‚  1038Mâ”‚Aug  9 13:13â”‚
â”‚ lvm1            â”‚  86016â”‚Aug  9 13:14â”‚
â”‚ lvm2            â”‚   8192â”‚Aug  9 14:51â”‚
â”‚ lvm3            â”‚ 487424â”‚Aug  9 15:34â”‚
â”‚ lvm4            â”‚   4096â”‚Aug  9 15:40â”‚
â”‚ lvm5            â”‚  24576â”‚Aug  9 16:24â”‚
â”‚ lvm6            â”‚      0â”‚Aug  9 16:43â”‚
â”‚ lvm7            â”‚  65536â”‚Aug  9 17:04â”‚
â”‚ mtab            â”‚   2546â”‚Aug  9 16:00â”‚
â”‚                 â”‚       â”‚            â”‚
â”‚                 â”‚       â”‚            â”‚
â”‚                 â”‚       â”‚            â”‚
â”‚                 â”‚       â”‚            â”‚
â”‚                 â”‚       â”‚            â”‚
â”‚                 â”‚       â”‚            â”‚
â”œ[38Câ”¤
â”‚[38Câ”‚
â””â”€â”€â”€â”€â”€â”€â”€â”€â”€â”€â”€â”€â”€â”€â”€â”€â”€â”€â”€â”€ 8936M/10G (89%) â”€â”˜
[39m[49mHint: To look at the output of a command in the viewer, use M-!

[1m[37m[40m 1[0;10m[30m[46mHelp  [1m[37m[40m 2[0;10m[30m[46mMenu  [1m[37m[40m 3[0;10m[30m[46mView  [1m[37m[40m 4[0;10m[30m[46mEdit  [1m[37m[40m 5[0;10m[30m[46mCopy  [1m[37m[40m 6[0;10m[30m[46mRenMov[1m[37m[40m 7[0;10m[30m[46mMkdir [1m[37m[40m 8[0;10m[30m[46mDelete[1m[37m[40m 9[0;10m[30m[46mPullDn[1m[37m[40m10[0;10m[30m[46mQuit[K[23;80H[1;1H  Left     File     Command     Options     Right[K[2;41H[37m[44mâ”Œ<â”€ /mnt/dump â”€â”€â”€â”€â”€â”€â”€â”€â”€â”€â”€â”€â”€â”€â”€â”€â”€â”€â”€â”€.[^]>â”[3;2H[1m[33m[44m'n     Name      [0;10m[37m[44mâ”‚[1m[33m[44m Size  [0;10m[37m[44mâ”‚[1m[33m[44mModify time [0;10m[37m[44mâ”‚â”‚[1m[33m[44m'n     Name      [0;10m[37m[44mâ”‚[1m[33m[44m Size  [0;10m[37m[44mâ”‚[1m[33m[44mModify time [0;10m[37m[44mâ”‚[4;41Hâ”‚[1m[37m[44m/..              [0;10m[37m[44mâ”‚[1m[37m[44mUP--DIR[0;10m[37m[44mâ”‚[1m[37m[44mAug  9 15:31[0;10m[37m[44mâ”‚[5;41Hâ”‚ dump.root       â”‚  1038Mâ”‚Aug  9 13:13â”‚[6;41Hâ”‚ lvm1            â”‚  86016â”‚Aug  9 13:14â”‚[7;41Hâ”‚ lvm2            â”‚   8192â”‚Aug  9 14:51â”‚[8;41Hâ”‚ lvm3            â”‚ 487424â”‚Aug  9 15:34â”‚[9;41Hâ”‚ lvm4            â”‚   4096â”‚Aug  9 15:40â”‚[10;41Hâ”‚ lvm5            â”‚  24576â”‚Aug  9 16:24â”‚[11;41Hâ”‚ lvm6            â”‚      0â”‚Aug  9 16:43â”‚[12;41Hâ”‚ lvm7            â”‚  65536â”‚Aug  9 17:04â”‚[13;41Hâ”‚ mtab            â”‚   2546â”‚Aug  9 16:00â”‚[14;41Hâ”‚                 â”‚       â”‚            â”‚[15;41Hâ”‚                 â”‚       â”‚            â”‚[16;41Hâ”‚                 â”‚       â”‚            â”‚[17;41Hâ”‚                 â”‚       â”‚            â”‚[18;41Hâ”‚                 â”‚       â”‚            â”‚[19;41Hâ”‚                 â”‚       â”‚            â”‚[20;2Hâ”€â”€â”€â”€â”€â”€â”€â”€â”€â”€â”€â”€â”€â”€â”€â”€â”€â”€â”€â”€â”€â”€â”€â”€â”€â”€â”€â”€â”€â”€â”€â”€â”€â”€â”€â”€â”€â”€â”¤â”œâ”€â”€â”€â”€â”€â”€â”€â”€â”€â”€â”€â”€â”€â”€â”€â”€â”€â”€â”€â”€â”€â”€â”€â”€â”€â”€â”€â”€â”€â”€â”€â”€â”€â”€â”€â”€â”€â”€â”¤[21;2HUP--DIR                               â”‚â”‚UP--DIR                               â”‚[22;41Hâ””â”€â”€â”€â”€â”€â”€â”€â”€â”€â”€â”€â”€â”€â”€â”€â”€â”€â”€â”€â”€ 8936M/10G (89%) â”€â”˜[24;77H[39m[49m[1K [37m[44m[^][24;1H[39m[49m[root@localhost dump]#[55C[24;24H[2;4H[37m[44m /mnt/dump [29C[30m[47m /mnt/dump [4;2H[1m[37m[44m/..              [0;10m[37m[44mâ”‚[1m[37m[44mUP--DIR[0;10m[37m[44mâ”‚[1m[37m[44mAug  9 15:31[0;10m[37m[44mâ”‚â”‚[30m[46m/..              â”‚UP--DIRâ”‚Aug  9 15:31[24;24H[2;49H[47m [37m[44mâ”€â”€â”€â”€â”€[4;42H[1m[37m[44m/..              [0;10m[37m[44mâ”‚[1m[37m[44mUP--DIR[0;10m[37m[44mâ”‚[1m[37m[44mAug  9 15:46[5;42H[0;10m[30m[46m/dump            â”‚    119â”‚Aug  9 16:58[6;42H[1m[37m[44m/exch            [0;10m[37m[44mâ”‚[1m[37m[44m      6[0;10m[37m[44mâ”‚[1m[37m[44mAug  9 15:31[7;42H/home            [0;10m[37m[44mâ”‚[1m[37m[44m   4096[0;10m[37m[44mâ”‚[1m[37m[44mAug  9 16:30[8;42H/var             [0;10m[37m[44mâ”‚[1m[37m[44m      6[0;10m[37m[44mâ”‚[1m[37m[44mAug  9 15:31[9;43H[0;10m[37m[44m    [16C    â”‚            [10;43H    [15C     â”‚            [11;43H    [19C â”‚            [12;43H    [15C     â”‚            [13;43H    [16C    â”‚            [21;42H/dump  [22;60H 7247M/8182M (88[24;24H[24;17H[39m[49mmnt]# [55C[24;23H[4;42H[30m[46m/..              â”‚UP--DIRâ”‚Aug  9 15:46[5;42H[1m[37m[44m/dump            [0;10m[37m[44mâ”‚[1m[37m[44m    119[0;10m[37m[44mâ”‚[1m[37m[44mAug  9 16:58[21;42H[0;10m[37m[44mUP--DIR[24;23H[2;46H[30m[47m [37m[44mâ”€â”€â”€[4;42H[1m[37m[44m~bin             [0;10m[37m[44mâ”‚[1m[37m[44m      7[0;10m[37m[44mâ”‚[1m[37m[44mAug  9 15:09[5;43Hboot[16C4096[6C8 18:47[6;43Hdev [16C3080[9C6:53[7;43Hetc [16C8192[11C56[8;43Hhome[16C409[10C6:30[9;42H~lib             [0;10m[37m[44mâ”‚[1m[37m[44m      7[0;10m[37m[44mâ”‚[1m[37m[44mAug  9 15:09[10;42H~lib64           [0;10m[37m[44mâ”‚[1m[37m[44m      9[0;10m[37m[44mâ”‚[1m[37m[44mAug  9 15:09[11;42H/media           [0;10m[37m[44mâ”‚[1m[37m[44m      6[0;10m[37m[44mâ”‚[1m[37m[44mApr 11 04:59[12;42H[0;10m[30m[46m/mnt             â”‚     49â”‚Aug  9 15:31[13;42H[1m[37m[44m/opt             [0;10m[37m[44mâ”‚[1m[37m[44m      2[0;10m[37m[44mâ”‚[1m[37m[44mAug  9 16:09[14;42H/proc            [0;10m[37m[44mâ”‚[1m[37m[44m      0[0;10m[37m[44mâ”‚[1m[37m[44mAug  9 16:50[15;42H/root            [0;10m[37m[44mâ”‚[1m[37m[44m   4096[0;10m[37m[44mâ”‚[1m[37m[44mAug  9 16:58[16;42H/run             [0;10m[37m[44mâ”‚[1m[37m[44m    660[0;10m[37m[44mâ”‚[1m[37m[44mAug  9 16:56[17;42H~sbin            [0;10m[37m[44mâ”‚[1m[37m[44m      8[0;10m[37m[44mâ”‚[1m[37m[44mAug  9 15:09[18;42H/srv             [0;10m[37m[44mâ”‚[1m[37m[44m      6[0;10m[37m[44mâ”‚[1m[37m[44mApr 11 04:59[19;42H/sys             [0;10m[37m[44mâ”‚[1m[37m[44m      0[0;10m[37m[44mâ”‚[1m[37m[44mAug  9 16:44[21;42H[0;10m[37m[44m/mnt   [24;23H[24;17H[39m[49m/]#  [56C[24;21H[12;42H[1m[37m[44m/mnt             [0;10m[37m[44mâ”‚[1m[37m[44m     49[0;10m[37m[44mâ”‚[1m[37m[44mAug  9 15:31[13;42H[0;10m[30m[46m/opt             â”‚      2â”‚Aug  9 16:09[21;43H[37m[44mop[24;21H[13;42H[1m[37m[44m/opt             [0;10m[37m[44mâ”‚[1m[37m[44m      2[0;10m[37m[44mâ”‚[1m[37m[44mAug  9 16:09[14;42H[0;10m[30m[46m/proc            â”‚      0â”‚Aug  9 16:50[21;43H[37m[44mproc[24;21H[14;42H[1m[37m[44m/proc            [0;10m[37m[44mâ”‚[1m[37m[44m      0[0;10m[37m[44mâ”‚[1m[37m[44mAug  9 16:50[15;42H[0;10m[30m[46m/root            â”‚   4096â”‚Aug  9 16:58[21;43H[37m[44mroot[24;21H[15;42H[1m[37m[44m/root            [0;10m[37m[44mâ”‚[1m[37m[44m   4096[0;10m[37m[44mâ”‚[1m[37m[44mAug  9 16:58[16;42H[0;10m[30m[46m/run             â”‚    660â”‚Aug  9 16:56[21;44H[37m[44mun [24;21H[16;42H[1m[37m[44m/run             [0;10m[37m[44mâ”‚[1m[37m[44m    660[0;10m[37m[44mâ”‚[1m[37m[44mAug  9 16:56[17;42H[0;10m[30m[46m~sbin            â”‚      8â”‚Aug  9 15:09[21;42H[37m[44m-> usr/sbin[24;21H[17;42H[1m[37m[44m~sbin            [0;10m[37m[44mâ”‚[1m[37m[44m      8[0;10m[37m[44mâ”‚[1m[37m[44mAug  9 15:09[18;42H[0;10m[30m[46m/srv             â”‚      6â”‚Apr 11 04:59[21;42H[37m[44m/srv       [24;21H[18;42H[1m[37m[44m/srv             [0;10m[37m[44mâ”‚[1m[37m[44m      6[0;10m[37m[44mâ”‚[1m[37m[44mApr 11 04:59[19;42H[0;10m[30m[46m/sys             â”‚      0â”‚Aug  9 16:44[21;44H[37m[44mys[24;21H[4;43H[1m[37m[44mlib[5;42H~lib64[15C   9[6C9 15:09[6;43Hmedia[15C   6[0;10m[37m[44mâ”‚[1m[37m[44mApr 11 04:59[7;43Hmnt[17C  49[9C5:31[8;43Hopt [16C   2[11C09[9;42H/proc[19C0[9C6:50[10;42H/root [15C4096[9C6:58[11;43Hrun  [16C660[0;10m[37m[44mâ”‚[1m[37m[44mAug  9 16:56[12;42H~sbin[18C 8[11C09[13;43Hsrv[20C6[0;10m[37m[44mâ”‚[1m[37m[44mApr 11 04:5[14;43Hsys [31C44[15;42H[0;10m[30m[46m/tmp             â”‚   4096â”‚Aug 10 03:27[16;43H[1m[37m[44musr[17C4096[0;10m[37m[44mâ”‚[1m[37m[44mMay 12 18:50[17;42H/vagrant[15C24[6C7 19:43[18;43Hvar[17C4096[0;10m[37m[44mâ”‚[1m[37m[44mAug  9 15:40[19;42H[0;10m[37m[44m .autorelabel    â”‚      0â”‚Aug  9 15:48[21;43Htmp[24;21H[15;42H[1m[37m[44m/tmp             [0;10m[37m[44mâ”‚[1m[37m[44m   4096[0;10m[37m[44mâ”‚[1m[37m[44mAug 10 03:27[16;42H[0;10m[30m[46m/usr             â”‚   4096â”‚May 12 18:50[21;43H[37m[44musr[24;21H[16;42H[1m[37m[44m/usr             [0;10m[37m[44mâ”‚[1m[37m[44m   4096[0;10m[37m[44mâ”‚[1m[37m[44mMay 12 18:50[17;42H[0;10m[30m[46m/vagrant         â”‚     24â”‚Aug  7 19:43[21;43H[37m[44mvagrant[24;21H[17;42H[1m[37m[44m/vagrant         [0;10m[37m[44mâ”‚[1m[37m[44m     24[0;10m[37m[44mâ”‚[1m[37m[44mAug  7 19:43[18;42H[0;10m[30m[46m/var             â”‚   4096â”‚Aug  9 15:40[21;45H[37m[44mr    [24;21H[18;42H[1m[37m[44m/var             [0;10m[37m[44mâ”‚[1m[37m[44m   4096[0;10m[37m[44mâ”‚[1m[37m[44mAug  9 15:40[19;42H[0;10m[30m[46m .autorelabel    â”‚      0â”‚Aug  9 15:48[21;42H[37m[44m .autorelabel[24;21H[18;42H[30m[46m/var             â”‚   4096â”‚Aug  9 15:40[19;42H[37m[44m .autorelabel    â”‚      0â”‚Aug  9 15:48[21;42H/var         [24;21H[17;42H[30m[46m/vagrant         â”‚     24â”‚Aug  7 19:43[18;42H[1m[37m[44m/var             [0;10m[37m[44mâ”‚[1m[37m[44m   4096[0;10m[37m[44mâ”‚[1m[37m[44mAug  9 15:40[21;45H[0;10m[37m[44mgrant[24;21H[2;46H[30m[47mvagrant [4;42H[46m/..              â”‚UP--DIRâ”‚Aug  9 15:46[5;42H[37m[44m Vagrantfile     â”‚   3085â”‚Aug  7 19:42[6;42H                 â”‚       â”‚            [7;42H                 â”‚       â”‚            [8;42H                 â”‚       â”‚            [9;42H                 â”‚       â”‚            [10;42H                 â”‚       â”‚            [11;42H                 â”‚       â”‚            [12;42H                 â”‚       â”‚            [13;42H                 â”‚       â”‚            [14;42H                 â”‚       â”‚            [15;42H                 â”‚       â”‚            [16;42H                 â”‚       â”‚            [17;42H                 â”‚       â”‚            [18;42H                 â”‚       â”‚            [19;43H            [11C â”‚            [21;42HUP--DIR [24;21H[24;17H[39m[49mvagrant]#[52C[24;27H[2;4H[30m[47m /mnt/dump [29C[37m[44m /vagrant [4;2H[30m[46m/..              â”‚UP--DIRâ”‚Aug  9 15:31[37m[44mâ”‚â”‚[1m[37m[44m/..              [0;10m[37m[44mâ”‚[1m[37m[44mUP--DIR[0;10m[37m[44mâ”‚[1m[37m[44mAug  9 15:46[22;26H[0;10m[37m[44m5[24;27H[24;17H[39m[49mdump]#   [52C[24;24H[4;2H[1m[37m[44m/..              [0;10m[37m[44mâ”‚[1m[37m[44mUP--DIR[0;10m[37m[44mâ”‚[1m[37m[44mAug  9 15:31[5;2H[0;10m[30m[46m dump.root       â”‚  1038Mâ”‚Aug  9 13:13[21;2H[37m[44m dump.root[24;24H[5;2H dump.root       â”‚  1038Mâ”‚Aug  9 13:13[6;2H[30m[46m lvm1            â”‚  86016â”‚Aug  9 13:14[21;3H[37m[44mlvm1     [24;24H[6;2H[1m[33m[44m lvm1            [0;10m[37m[44mâ”‚[1m[33m[44m  86016[0;10m[37m[44mâ”‚[1m[33m[44mAug  9 13:14[7;2H[0;10m[30m[46m lvm2            â”‚   8192â”‚Aug  9 14:51[20;9H[1m[33m[44m 86,016 bytes in 1 file [21;6H[0;10m[37m[44m2[24;24H[7;2H[1m[33m[44m lvm2            [0;10m[37m[44mâ”‚[1m[33m[44m   8192[0;10m[37m[44mâ”‚[1m[33m[44mAug  9 14:51[8;2H[0;10m[30m[46m lvm3            â”‚ 487424â”‚Aug  9 15:34[20;8H[1m[33m[44m 94,208 bytes in 2 files[21;6H[0;10m[37m[44m3[24;24H[8;2H[1m[33m[44m lvm3            [0;10m[37m[44mâ”‚[1m[33m[44m 487424[0;10m[37m[44mâ”‚[1m[33m[44mAug  9 15:34[9;2H[0;10m[30m[46m lvm4            â”‚   4096â”‚Aug  9 15:40[20;9H[1m[33m[44m581,632 bytes in 3 files [21;6H[0;10m[37m[44m4[24;24H[9;2H[1m[33m[44m lvm4            [0;10m[37m[44mâ”‚[1m[33m[44m   4096[0;10m[37m[44mâ”‚[1m[33m[44mAug  9 15:40[10;2H[0;10m[30m[46m lvm5            â”‚  24576â”‚Aug  9 16:24[20;11H[1m[33m[44m5,728[10C4[21;6H[0;10m[37m[44m5[24;24H[10;2H[1m[33m[44m lvm5            [0;10m[37m[44mâ”‚[1m[33m[44m  24576[0;10m[37m[44mâ”‚[1m[33m[44mAug  9 16:24[11;2H[0;10m[30m[46m lvm6            â”‚      0â”‚Aug  9 16:43[20;9H[1m[33m[44m610,304[10C5[21;6H[0;10m[37m[44m6[24;24H[11;2H[1m[33m[44m lvm6            [0;10m[37m[44mâ”‚[1m[33m[44m      0[0;10m[37m[44mâ”‚[1m[33m[44mAug  9 16:43[12;2H[0;10m[30m[46m lvm7            â”‚  65536â”‚Aug  9 17:04[20;26H[1m[33m[44m6[21;6H[0;10m[37m[44m7[24;24H[12;2H[1m[33m[44m lvm7            [0;10m[37m[44mâ”‚[1m[33m[44m  65536[0;10m[37m[44mâ”‚[1m[33m[44mAug  9 17:04[13;2H[0;10m[30m[46m mtab            â”‚   2546â”‚Aug  9 16:00[20;10H[1m[33m[44m75,840[10C7[21;3H[0;10m[37m[44mmtab[24;24H[13;2H[1m[33m[46m mtab            [0;10m[30m[46mâ”‚[1m[33m[46m   2546[0;10m[30m[46mâ”‚[1m[33m[46mAug  9 16:00[20;11H[44m8,386[10C8[24;24H[4;7H[0;10m[30m[47m                                                                    [5;7H â”Œâ”€â”€â”€â”€â”€â”€â”€â”€â”€â”€â”€â”€â”€â”€â”€â”€â”€â”€â”€â”€â”€â”€â”€â”€â”€â”€â”€â”€â”€[34m Copy [30mâ”€â”€â”€â”€â”€â”€â”€â”€â”€â”€â”€â”€â”€â”€â”€â”€â”€â”€â”€â”€â”€â”€â”€â”€â”€â”€â”€â”€â”€â” [6;7H â”‚ Copy 8 files with source mask:                                 â”‚ [7;7H â”‚ [1m[30m[46m*                                                             [0;10m[30m[47m â”‚ [8;7H â”‚                                [x] [34mU[30msing shell patterns        â”‚ [9;7H â”‚ to:                                                            â”‚ [10;7H â”‚ [1m[30m[46m/vagrant                                                      [0;10m[30m[47m â”‚ [11;7H â”œâ”€â”€â”€â”€â”€â”€â”€â”€â”€â”€â”€â”€â”€â”€â”€â”€â”€â”€â”€â”€â”€â”€â”€â”€â”€â”€â”€â”€â”€â”€â”€â”€â”€â”€â”€â”€â”€â”€â”€â”€â”€â”€â”€â”€â”€â”€â”€â”€â”€â”€â”€â”€â”€â”€â”€â”€â”€â”€â”€â”€â”€â”€â”€â”€â”¤ [12;7H â”‚ [ ] Follow [34ml[30minks               [ ] Di[34mv[30me into subdir if exists  â”‚ [13;7H â”‚ [x] Preserve [34ma[30mttributes        [ ] [34mS[30mtable symlinks             â”‚ [14;7H â”œâ”€â”€â”€â”€â”€â”€â”€â”€â”€â”€â”€â”€â”€â”€â”€â”€â”€â”€â”€â”€â”€â”€â”€â”€â”€â”€â”€â”€â”€â”€â”€â”€â”€â”€â”€â”€â”€â”€â”€â”€â”€â”€â”€â”€â”€â”€â”€â”€â”€â”€â”€â”€â”€â”€â”€â”€â”€â”€â”€â”€â”€â”€â”€â”€â”¤ [15;7H â”‚               [< [34mO[30mK >] [ [34mB[30mackground ] [ [34mC[30mancel ]               â”‚ [16;7H â””â”€â”€â”€â”€â”€â”€â”€â”€â”€â”€â”€â”€â”€â”€â”€â”€â”€â”€â”€â”€â”€â”€â”€â”€â”€â”€â”€â”€â”€â”€â”€â”€â”€â”€â”€â”€â”€â”€â”€â”€â”€â”€â”€â”€â”€â”€â”€â”€â”€â”€â”€â”€â”€â”€â”€â”€â”€â”€â”€â”€â”€â”€â”€â”€â”˜ [17;7H                                                                    [10;18H[23;7H[39m[49mYou can specify the username when doing ftps: 'cd ftp://user@machine.edu'[4;7H[1m[37m[44m            [0;10m[37m[44mâ”‚[1m[37m[44mUP--DIR[0;10m[37m[44mâ”‚[1m[37m[44mAug  9 15:31[0;10m[37m[44mâ”‚â”‚[1m[37m[44m/..              [0;10m[37m[44mâ”‚[1m[37m[44mUP--DIR[0;10m[37m[44mâ”‚[1m[37m[44mAug  9 [5;7H[0;10m[37m[44m.root[30m[47m                                                          [37m[44mg  7 [6;7H[1m[33m[44m     [0;10m[30m[47m â”Œâ”€â”€â”€â”€â”€â”€â”€â”€â”€â”€â”€â”€â”€â”€â”€â”€â”€â”€â”€â”€â”€â”€â”€â”€[34m Copy [30mâ”€â”€â”€â”€â”€â”€â”€â”€â”€â”€â”€â”€â”€â”€â”€â”€â”€â”€â”€â”€â”€â”€â”€â”€â” [37m[44m     [7;7H[1m[33m[44m     [0;10m[30m[47m â”‚                                                      â”‚ [37m[44m     [8;7H[1m[33m[44m     [0;10m[30m[47m â”‚[27C                           â”‚ [37m[44m     [9;7H[1m[33m[44m     [0;10m[30m[47m â”‚[54Câ”‚ [37m[44m     [10;7H[1m[33m[44m     [0;10m[30m[47m â”‚                                                      â”‚ [37m[44m     [11;7H[1m[33m[44m     [0;10m[30m[47m â”‚        â”Œ[8C[34m Directory scanning [8C[30mâ”        â”‚ [37m[44m     [12;7H[1m[33m[44m     [0;10m[30m[47m â”‚        â”‚   [15C                  â”‚        â”‚ [37m[44m     [13;7H[1m[33m[46m     [0;10m[30m[47m â”œâ”€â”€â”€â”€â”€â”€â”€ â”œâ”€â”€â”€â”€â”€â”€â”€â”€â”€â”€â”€â”€â”€â”€â”€â”€â”€â”€â”€â”€â”€â”€â”€â”€â”€â”€â”€â”€â”€â”€â”€â”€â”€â”€â”€â”€â”¤ â”€â”€â”€â”€â”€â”€â”€â”¤ [37m[44m     [14;7H     [30m[47m â”‚        â”‚             [46m[ [34mA[30mbort ][47m              â”‚        â”‚ [37m[44m     [15;7H     [30m[47m â”‚[8Câ””â”€â”€â”€â”€â”€â”€â”€â”€â”€â”€â”€â”€â”€â”€â”€â”€â”€â”€â”€â”€â”€â”€â”€â”€â”€â”€â”€â”€â”€â”€â”€â”€â”€â”€â”€â”€â”˜[8Câ”‚ [37m[44m     [16;7H     [30m[47m â”‚                                                      â”‚ [37m[44m     [17;7H     [30m[47m â”œâ”€â”€â”€â”€â”€â”€â”€â”€â”€â”€â”€â”€â”€â”€â”€â”€â”€â”€â”€â”€â”€â”€â”€â”€â”€â”€â”€â”€â”€â”€â”€â”€â”€â”€â”€â”€â”€â”€â”€â”€â”€â”€â”€â”€â”€â”€â”€â”€â”€â”€â”€â”€â”€â”€â”¤ [37m[44m     [18;12H[30m[47m â”‚            [46m[ [34mS[30mkip ][47m [ S[34mu[30mspend ] [ [34mA[30mbort ]            â”‚ [19;12H â””â”€â”€â”€â”€â”€â”€â”€â”€â”€â”€â”€â”€â”€â”€â”€â”€â”€â”€â”€â”€â”€â”€â”€â”€â”€â”€â”€â”€â”€â”€â”€â”€â”€â”€â”€â”€â”€â”€â”€â”€â”€â”€â”€â”€â”€â”€â”€â”€â”€â”€â”€â”€â”€â”€â”˜ [20;12H                                                          [14;38H[7;15HSource[8;15Hlvm1[9;15HTarget[10;15H/vagrant/lvm1[11;22H                                      [12;22H [36C [13;21Hâ”€â”€[36Câ”€â”€[14;22H [13C         [14C [15;22H                                      [10;28H[11;18H[[40C]   0%[1;80H[37m[44m|[1;80H[11;19H[1m[37m[40m    [40C[0;10m[30m[47m9[13;30H Total: 8192/662K [14;18H[[40C]   1%[15;15HFiles processed: 0/8[16;15HTime: 0:00.00 ETA 0:01.21 (8.00 KB/s)[11;65H[11;23H[1m[37m[40m    [35C[0;10m[30m[47m1[13;38H16384/662K [14;19H[1m[37m[40m [43C[0;10m[30m[47m2[11;65H[11;27H[1m[37m[40m   [32C[0;10m[30m[47m2[13;38H24576[14;63H4[11;65H[11;30H[1m[37m[40m    [28C[0;10m[30m[47m38[13;38H32768[14;20H[1m[37m[40m [42C[0;10m[30m[47m5[11;65H[11;34H[1m[37m[40m    [24C[0;10m[30m[47m4[13;38H40960[14;63H6[11;65H[11;38H[1m[37m[40m    [20C[0;10m[30m[47m57[13;39H9152[14;21H[1m[37m[40m [41C[0;10m[30m[47m7[11;65H[11;42H[1m[37m[40m    [16C[0;10m[30m[47m6[13;38H57344[14;63H8[11;65H[11;46H[1m[37m[40m   [13C[0;10m[30m[47m76[13;38H65536[14;22H[1m[37m[40m [39C[0;10m[30m[47m10[11;65H[11;49H[1m[37m[40m    [9C[0;10m[30m[47m8[13;38H73728[14;63H1[11;65H[11;53H[1m[37m[40m    [5C[0;10m[30m[47m95[13;38H81920[14;23H[1m[37m[40m [39C[0;10m[30m[47m2[11;65H[11;57H[1m[37m[40m  [0;10m[30m[47m] 100[13;39H6016[14;63H3[11;65H[11;18H                                               [15;32H1[11;65H[8;18H2[10;27H2[11;18H[[1m[37m[40m                                        [0;10m[30m[47m] 100%[1;80H[37m[44m/[1;80H[13;38H[30m[47m94208[14;24H[1m[37m[40m [38C[0;10m[30m[47m4[16;36H0.06 (92.00 KB/s)[13;49H[11;18H                                               [15;32H2[11;65H[8;18H3[10;27H3[11;18H[[40C]   0%[1;80H[37m[44m-[1;80H[11;19H[1m[37m[40m [43C[0;10m[30m[47m2[13;38H100K/662K [14;63H5[16;39H5 (100.00 KB/s)[11;65H[11;63H3[13;40H8[14;63H6[11;65H[11;20H[1m[37m[40m [42C[0;10m[30m[47m5[13;39H16[14;25H[1m[37m[40m [37C[0;10m[30m[47m7[11;65H[11;21H[1m[37m[40m [41C[0;10m[30m[47m7[13;39H24[14;63H9[11;65H[11;63H8[13;39H32[14;26H[1m[37m[40m [35C[0;10m[30m[47m20[11;65H[11;22H[1m[37m[40m [39C[0;10m[30m[47m10[13;39H40[14;63H1[11;65H[11;23H[1m[37m[40m [39C[0;10m[30m[47m2[13;40H8[14;27H[1m[37m[40m [35C[0;10m[30m[47m2[11;65H[11;63H3[13;39H56[14;63H4[11;65H[11;24H[1m[37m[40m [38C[0;10m[30m[47m5[13;39H64[14;28H[1m[37m[40m [34C[0;10m[30m[47m5[11;65H[11;25H[1m[37m[40m [37C[0;10m[30m[47m7[13;39H72[14;63H6[11;65H[11;63H8[13;39H80[14;29H[1m[37m[40m [33C[0;10m[30m[47m7[11;65H[11;26H[1m[37m[40m [35C[0;10m[30m[47m20[13;40H8[14;63H8[11;65H[11;27H[1m[37m[40m [35C[0;10m[30m[47m2[13;39H96[14;30H[1m[37m[40m [32C[0;10m[30m[47m9[11;65H[11;63H3[13;38H204[14;62H31[11;65H[11;28H[1m[37m[40m [34C[0;10m[30m[47m5[13;39H12[14;31H[1m[37m[40m [31C[0;10m[30m[47m2[11;65H[11;29H[1m[37m[40m [33C[0;10m[30m[47m7[13;39H20[14;63H3[11;65H[11;63H9[13;40H8[14;32H[1m[37m[40m [30C[0;10m[30m[47m4[11;65H[11;30H[1m[37m[40m [31C[0;10m[30m[47m30[13;39H36[14;63H6[11;65H[11;31H[1m[37m[40m [31C[0;10m[30m[47m2[13;39H44[14;33H[1m[37m[40m [29C[0;10m[30m[47m7[11;65H[11;63H4[13;39H52[14;63H8[11;65H[11;32H[1m[37m[40m [30C[0;10m[30m[47m5[13;39H60[14;34H[1m[37m[40m [28C[0;10m[30m[47m9[16;27H1[11;65H[11;33H[1m[37m[40m [29C[0;10m[30m[47m7[13;40H8[14;62H40[11;65H[11;63H9[13;39H76[14;35H[1m[37m[40m [27C[0;10m[30m[47m2[11;65H[11;34H[1m[37m[40m [27C[0;10m[30m[47m40[13;39H84[14;63H3[11;65H[11;35H[1m[37m[40m [27C[0;10m[30m[47m2[13;39H92[14;36H[1m[37m[40m [26C[0;10m[30m[47m4[11;65H[11;63H4[13;38H300[14;63H5[11;65H[11;36H[1m[37m[40m [26C[0;10m[30m[47m5[13;40H8[14;37H[1m[37m[40m [25C[0;10m[30m[47m6[11;65H[11;37H[1m[37m[40m [25C[0;10m[30m[47m7[13;39H16[14;63H8[11;65H[11;63H9[13;39H24[14;38H[1m[37m[40m [24C[0;10m[30m[47m9[11;65H[11;38H[1m[37m[40m [23C[0;10m[30m[47m50[13;39H32[14;62H50[11;65H[11;39H[1m[37m[40m [23C[0;10m[30m[47m2[13;39H40[14;39H[1m[37m[40m [23C[0;10m[30m[47m1[11;65H[11;63H4[13;40H8[14;63H2[11;65H[11;40H[1m[37m[40m [22C[0;10m[30m[47m5[13;39H56[14;63H4[11;65H[11;41H[1m[37m[40m [21C[0;10m[30m[47m7[13;39H64[14;40H[1m[37m[40m [22C[0;10m[30m[47m5[11;65H[11;42H[1m[37m[40m [20C[0;10m[30m[47m9[13;39H72[14;63H6[11;65H[11;62H60[13;39H80[14;41H[1m[37m[40m [21C[0;10m[30m[47m7[11;65H[11;43H[1m[37m[40m [19C[0;10m[30m[47m2[13;40H8[14;63H8[11;65H[11;44H[1m[37m[40m [18C[0;10m[30m[47m4[13;39H96[14;42H[1m[37m[40m [19C[0;10m[30m[47m60[11;65H[11;63H6[13;38H404[14;63H1[11;65H[11;45H[1m[37m[40m [17C[0;10m[30m[47m7[13;39H12[14;43H[1m[37m[40m [19C[0;10m[30m[47m2[11;65H[11;46H[1m[37m[40m [16C[0;10m[30m[47m9